Archive member included because of file (symbol)

/usr/local/Cellar/avr-gcc/4.9.2/lib/gcc/avr/4.9.2/avr4/libgcc.a(_umulhisi3.o)
                              obj/pfatfs/pff.o (__umulhisi3)
/usr/local/Cellar/avr-gcc/4.9.2/lib/gcc/avr/4.9.2/avr4/libgcc.a(_muluhisi3.o)
                              obj/pfatfs/pff.o (__muluhisi3)
/usr/local/Cellar/avr-gcc/4.9.2/lib/gcc/avr/4.9.2/avr4/libgcc.a(_udivmodsi4.o)
                              obj/pfatfs/pff.o (__udivmodsi4)
/usr/local/Cellar/avr-gcc/4.9.2/lib/gcc/avr/4.9.2/avr4/libgcc.a(_exit.o)
                              /usr/local/Cellar/avr-gcc/4.9.2/lib/gcc/avr/4.9.2/../../../../avr/lib/avr4/crtm8.o (exit)
/usr/local/Cellar/avr-gcc/4.9.2/lib/gcc/avr/4.9.2/avr4/libgcc.a(_copy_data.o)
                              obj/mylib.o (__do_copy_data)
/usr/local/Cellar/avr-gcc/4.9.2/lib/gcc/avr/4.9.2/avr4/libgcc.a(_clear_bss.o)
                              obj/pfatfs/mmc.o (__do_clear_bss)
/usr/local/Cellar/avr-gcc/4.9.2/lib/gcc/avr/4.9.2/../../../../avr/lib/avr4/libc.a(iob.o)
                              obj/uart.o (__iob)
/usr/local/Cellar/avr-gcc/4.9.2/lib/gcc/avr/4.9.2/../../../../avr/lib/avr4/libc.a(printf.o)
                              obj/mylib.o (printf)
/usr/local/Cellar/avr-gcc/4.9.2/lib/gcc/avr/4.9.2/../../../../avr/lib/avr4/libc.a(vfprintf_std.o)
                              /usr/local/Cellar/avr-gcc/4.9.2/lib/gcc/avr/4.9.2/../../../../avr/lib/avr4/libc.a(printf.o) (vfprintf)
/usr/local/Cellar/avr-gcc/4.9.2/lib/gcc/avr/4.9.2/../../../../avr/lib/avr4/libc.a(strnlen_P.o)
                              /usr/local/Cellar/avr-gcc/4.9.2/lib/gcc/avr/4.9.2/../../../../avr/lib/avr4/libc.a(vfprintf_std.o) (strnlen_P)
/usr/local/Cellar/avr-gcc/4.9.2/lib/gcc/avr/4.9.2/../../../../avr/lib/avr4/libc.a(strnlen.o)
                              /usr/local/Cellar/avr-gcc/4.9.2/lib/gcc/avr/4.9.2/../../../../avr/lib/avr4/libc.a(vfprintf_std.o) (strnlen)
/usr/local/Cellar/avr-gcc/4.9.2/lib/gcc/avr/4.9.2/../../../../avr/lib/avr4/libc.a(fputc.o)
                              /usr/local/Cellar/avr-gcc/4.9.2/lib/gcc/avr/4.9.2/../../../../avr/lib/avr4/libc.a(vfprintf_std.o) (fputc)
/usr/local/Cellar/avr-gcc/4.9.2/lib/gcc/avr/4.9.2/../../../../avr/lib/avr4/libc.a(ultoa_invert.o)
                              /usr/local/Cellar/avr-gcc/4.9.2/lib/gcc/avr/4.9.2/../../../../avr/lib/avr4/libc.a(vfprintf_std.o) (__ultoa_invert)
/usr/local/Cellar/avr-gcc/4.9.2/lib/gcc/avr/4.9.2/avr4/libgcc.a(_prologue.o)
                              /usr/local/Cellar/avr-gcc/4.9.2/lib/gcc/avr/4.9.2/../../../../avr/lib/avr4/libc.a(printf.o) (__prologue_saves__)
/usr/local/Cellar/avr-gcc/4.9.2/lib/gcc/avr/4.9.2/avr4/libgcc.a(_epilogue.o)
                              /usr/local/Cellar/avr-gcc/4.9.2/lib/gcc/avr/4.9.2/../../../../avr/lib/avr4/libc.a(printf.o) (__epilogue_restores__)

Allocating common symbols
Common symbol       size              file

__iob               0x6               /usr/local/Cellar/avr-gcc/4.9.2/lib/gcc/avr/4.9.2/../../../../avr/lib/avr4/libc.a(iob.o)

Discarded input sections

 .bss           0x0000000000000000        0x0 /usr/local/Cellar/avr-gcc/4.9.2/lib/gcc/avr/4.9.2/../../../../avr/lib/avr4/crtm8.o
 .text          0x0000000000000000        0x0 obj/main.o
 .bss           0x0000000000000000        0x0 obj/main.o
 .text          0x0000000000000000        0x0 obj/mylib.o
 .bss           0x0000000000000000        0x0 obj/mylib.o
 .text          0x0000000000000000        0x0 obj/spi.o
 .bss           0x0000000000000000        0x0 obj/spi.o
 .rodata.__SPI_DBLCLK_MASK
                0x0000000000000000        0x1 obj/spi.o
 .rodata.__SPI_SPEED_MASK
                0x0000000000000000        0x1 obj/spi.o
 .rodata.__SPI_MODE_MASK
                0x0000000000000000        0x1 obj/spi.o
 .rodata.__SPI_MASTER_MASK
                0x0000000000000000        0x1 obj/spi.o
 .rodata.__SPI_LSBFIRST_MASK
                0x0000000000000000        0x1 obj/spi.o
 .rodata.__SPI_SCK
                0x0000000000000000        0x1 obj/spi.o
 .rodata.__SPI_MISO
                0x0000000000000000        0x1 obj/spi.o
 .rodata.__SPI_MOSI
                0x0000000000000000        0x1 obj/spi.o
 .text          0x0000000000000000        0x0 obj/uart.o
 .bss           0x0000000000000000        0x0 obj/uart.o
 .text          0x0000000000000000        0x0 obj/pfatfs/mmc.o
 .bss           0x0000000000000000        0x0 obj/pfatfs/mmc.o
 .text          0x0000000000000000        0x0 obj/pfatfs/pff.o
 .bss           0x0000000000000000        0x0 obj/pfatfs/pff.o
 .text          0x0000000000000000        0x0 /usr/local/Cellar/avr-gcc/4.9.2/lib/gcc/avr/4.9.2/avr4/libgcc.a(_umulhisi3.o)
 .bss           0x0000000000000000        0x0 /usr/local/Cellar/avr-gcc/4.9.2/lib/gcc/avr/4.9.2/avr4/libgcc.a(_umulhisi3.o)
 .text.libgcc.div
                0x0000000000000000        0x0 /usr/local/Cellar/avr-gcc/4.9.2/lib/gcc/avr/4.9.2/avr4/libgcc.a(_umulhisi3.o)
 .text.libgcc   0x0000000000000000        0x0 /usr/local/Cellar/avr-gcc/4.9.2/lib/gcc/avr/4.9.2/avr4/libgcc.a(_umulhisi3.o)
 .text.libgcc.prologue
                0x0000000000000000        0x0 /usr/local/Cellar/avr-gcc/4.9.2/lib/gcc/avr/4.9.2/avr4/libgcc.a(_umulhisi3.o)
 .text.libgcc.builtins
                0x0000000000000000        0x0 /usr/local/Cellar/avr-gcc/4.9.2/lib/gcc/avr/4.9.2/avr4/libgcc.a(_umulhisi3.o)
 .text.libgcc.fmul
                0x0000000000000000        0x0 /usr/local/Cellar/avr-gcc/4.9.2/lib/gcc/avr/4.9.2/avr4/libgcc.a(_umulhisi3.o)
 .text.libgcc.fixed
                0x0000000000000000        0x0 /usr/local/Cellar/avr-gcc/4.9.2/lib/gcc/avr/4.9.2/avr4/libgcc.a(_umulhisi3.o)
 .text          0x0000000000000000        0x0 /usr/local/Cellar/avr-gcc/4.9.2/lib/gcc/avr/4.9.2/avr4/libgcc.a(_muluhisi3.o)
 .bss           0x0000000000000000        0x0 /usr/local/Cellar/avr-gcc/4.9.2/lib/gcc/avr/4.9.2/avr4/libgcc.a(_muluhisi3.o)
 .text.libgcc.div
                0x0000000000000000        0x0 /usr/local/Cellar/avr-gcc/4.9.2/lib/gcc/avr/4.9.2/avr4/libgcc.a(_muluhisi3.o)
 .text.libgcc   0x0000000000000000        0x0 /usr/local/Cellar/avr-gcc/4.9.2/lib/gcc/avr/4.9.2/avr4/libgcc.a(_muluhisi3.o)
 .text.libgcc.prologue
                0x0000000000000000        0x0 /usr/local/Cellar/avr-gcc/4.9.2/lib/gcc/avr/4.9.2/avr4/libgcc.a(_muluhisi3.o)
 .text.libgcc.builtins
                0x0000000000000000        0x0 /usr/local/Cellar/avr-gcc/4.9.2/lib/gcc/avr/4.9.2/avr4/libgcc.a(_muluhisi3.o)
 .text.libgcc.fmul
                0x0000000000000000        0x0 /usr/local/Cellar/avr-gcc/4.9.2/lib/gcc/avr/4.9.2/avr4/libgcc.a(_muluhisi3.o)
 .text.libgcc.fixed
                0x0000000000000000        0x0 /usr/local/Cellar/avr-gcc/4.9.2/lib/gcc/avr/4.9.2/avr4/libgcc.a(_muluhisi3.o)
 .text          0x0000000000000000        0x0 /usr/local/Cellar/avr-gcc/4.9.2/lib/gcc/avr/4.9.2/avr4/libgcc.a(_udivmodsi4.o)
 .bss           0x0000000000000000        0x0 /usr/local/Cellar/avr-gcc/4.9.2/lib/gcc/avr/4.9.2/avr4/libgcc.a(_udivmodsi4.o)
 .text.libgcc.mul
                0x0000000000000000        0x0 /usr/local/Cellar/avr-gcc/4.9.2/lib/gcc/avr/4.9.2/avr4/libgcc.a(_udivmodsi4.o)
 .text.libgcc   0x0000000000000000        0x0 /usr/local/Cellar/avr-gcc/4.9.2/lib/gcc/avr/4.9.2/avr4/libgcc.a(_udivmodsi4.o)
 .text.libgcc.prologue
                0x0000000000000000        0x0 /usr/local/Cellar/avr-gcc/4.9.2/lib/gcc/avr/4.9.2/avr4/libgcc.a(_udivmodsi4.o)
 .text.libgcc.builtins
                0x0000000000000000        0x0 /usr/local/Cellar/avr-gcc/4.9.2/lib/gcc/avr/4.9.2/avr4/libgcc.a(_udivmodsi4.o)
 .text.libgcc.fmul
                0x0000000000000000        0x0 /usr/local/Cellar/avr-gcc/4.9.2/lib/gcc/avr/4.9.2/avr4/libgcc.a(_udivmodsi4.o)
 .text.libgcc.fixed
                0x0000000000000000        0x0 /usr/local/Cellar/avr-gcc/4.9.2/lib/gcc/avr/4.9.2/avr4/libgcc.a(_udivmodsi4.o)
 .text          0x0000000000000000        0x0 /usr/local/Cellar/avr-gcc/4.9.2/lib/gcc/avr/4.9.2/avr4/libgcc.a(_exit.o)
 .bss           0x0000000000000000        0x0 /usr/local/Cellar/avr-gcc/4.9.2/lib/gcc/avr/4.9.2/avr4/libgcc.a(_exit.o)
 .text.libgcc.mul
                0x0000000000000000        0x0 /usr/local/Cellar/avr-gcc/4.9.2/lib/gcc/avr/4.9.2/avr4/libgcc.a(_exit.o)
 .text.libgcc.div
                0x0000000000000000        0x0 /usr/local/Cellar/avr-gcc/4.9.2/lib/gcc/avr/4.9.2/avr4/libgcc.a(_exit.o)
 .text.libgcc   0x0000000000000000        0x0 /usr/local/Cellar/avr-gcc/4.9.2/lib/gcc/avr/4.9.2/avr4/libgcc.a(_exit.o)
 .text.libgcc.prologue
                0x0000000000000000        0x0 /usr/local/Cellar/avr-gcc/4.9.2/lib/gcc/avr/4.9.2/avr4/libgcc.a(_exit.o)
 .text.libgcc.builtins
                0x0000000000000000        0x0 /usr/local/Cellar/avr-gcc/4.9.2/lib/gcc/avr/4.9.2/avr4/libgcc.a(_exit.o)
 .text.libgcc.fmul
                0x0000000000000000        0x0 /usr/local/Cellar/avr-gcc/4.9.2/lib/gcc/avr/4.9.2/avr4/libgcc.a(_exit.o)
 .text.libgcc.fixed
                0x0000000000000000        0x0 /usr/local/Cellar/avr-gcc/4.9.2/lib/gcc/avr/4.9.2/avr4/libgcc.a(_exit.o)
 .text          0x0000000000000000        0x0 /usr/local/Cellar/avr-gcc/4.9.2/lib/gcc/avr/4.9.2/avr4/libgcc.a(_copy_data.o)
 .bss           0x0000000000000000        0x0 /usr/local/Cellar/avr-gcc/4.9.2/lib/gcc/avr/4.9.2/avr4/libgcc.a(_copy_data.o)
 .text.libgcc.mul
                0x0000000000000000        0x0 /usr/local/Cellar/avr-gcc/4.9.2/lib/gcc/avr/4.9.2/avr4/libgcc.a(_copy_data.o)
 .text.libgcc.div
                0x0000000000000000        0x0 /usr/local/Cellar/avr-gcc/4.9.2/lib/gcc/avr/4.9.2/avr4/libgcc.a(_copy_data.o)
 .text.libgcc   0x0000000000000000        0x0 /usr/local/Cellar/avr-gcc/4.9.2/lib/gcc/avr/4.9.2/avr4/libgcc.a(_copy_data.o)
 .text.libgcc.prologue
                0x0000000000000000        0x0 /usr/local/Cellar/avr-gcc/4.9.2/lib/gcc/avr/4.9.2/avr4/libgcc.a(_copy_data.o)
 .text.libgcc.builtins
                0x0000000000000000        0x0 /usr/local/Cellar/avr-gcc/4.9.2/lib/gcc/avr/4.9.2/avr4/libgcc.a(_copy_data.o)
 .text.libgcc.fmul
                0x0000000000000000        0x0 /usr/local/Cellar/avr-gcc/4.9.2/lib/gcc/avr/4.9.2/avr4/libgcc.a(_copy_data.o)
 .text.libgcc.fixed
                0x0000000000000000        0x0 /usr/local/Cellar/avr-gcc/4.9.2/lib/gcc/avr/4.9.2/avr4/libgcc.a(_copy_data.o)
 .text          0x0000000000000000        0x0 /usr/local/Cellar/avr-gcc/4.9.2/lib/gcc/avr/4.9.2/avr4/libgcc.a(_clear_bss.o)
 .bss           0x0000000000000000        0x0 /usr/local/Cellar/avr-gcc/4.9.2/lib/gcc/avr/4.9.2/avr4/libgcc.a(_clear_bss.o)
 .text.libgcc.mul
                0x0000000000000000        0x0 /usr/local/Cellar/avr-gcc/4.9.2/lib/gcc/avr/4.9.2/avr4/libgcc.a(_clear_bss.o)
 .text.libgcc.div
                0x0000000000000000        0x0 /usr/local/Cellar/avr-gcc/4.9.2/lib/gcc/avr/4.9.2/avr4/libgcc.a(_clear_bss.o)
 .text.libgcc   0x0000000000000000        0x0 /usr/local/Cellar/avr-gcc/4.9.2/lib/gcc/avr/4.9.2/avr4/libgcc.a(_clear_bss.o)
 .text.libgcc.prologue
                0x0000000000000000        0x0 /usr/local/Cellar/avr-gcc/4.9.2/lib/gcc/avr/4.9.2/avr4/libgcc.a(_clear_bss.o)
 .text.libgcc.builtins
                0x0000000000000000        0x0 /usr/local/Cellar/avr-gcc/4.9.2/lib/gcc/avr/4.9.2/avr4/libgcc.a(_clear_bss.o)
 .text.libgcc.fmul
                0x0000000000000000        0x0 /usr/local/Cellar/avr-gcc/4.9.2/lib/gcc/avr/4.9.2/avr4/libgcc.a(_clear_bss.o)
 .text.libgcc.fixed
                0x0000000000000000        0x0 /usr/local/Cellar/avr-gcc/4.9.2/lib/gcc/avr/4.9.2/avr4/libgcc.a(_clear_bss.o)
 .text          0x0000000000000000        0x0 /usr/local/Cellar/avr-gcc/4.9.2/lib/gcc/avr/4.9.2/../../../../avr/lib/avr4/libc.a(iob.o)
 .bss           0x0000000000000000        0x0 /usr/local/Cellar/avr-gcc/4.9.2/lib/gcc/avr/4.9.2/../../../../avr/lib/avr4/libc.a(iob.o)
 .text          0x0000000000000000        0x0 /usr/local/Cellar/avr-gcc/4.9.2/lib/gcc/avr/4.9.2/../../../../avr/lib/avr4/libc.a(printf.o)
 .bss           0x0000000000000000        0x0 /usr/local/Cellar/avr-gcc/4.9.2/lib/gcc/avr/4.9.2/../../../../avr/lib/avr4/libc.a(printf.o)
 .text          0x0000000000000000        0x0 /usr/local/Cellar/avr-gcc/4.9.2/lib/gcc/avr/4.9.2/../../../../avr/lib/avr4/libc.a(vfprintf_std.o)
 .bss           0x0000000000000000        0x0 /usr/local/Cellar/avr-gcc/4.9.2/lib/gcc/avr/4.9.2/../../../../avr/lib/avr4/libc.a(vfprintf_std.o)
 .text          0x0000000000000000        0x0 /usr/local/Cellar/avr-gcc/4.9.2/lib/gcc/avr/4.9.2/../../../../avr/lib/avr4/libc.a(strnlen_P.o)
 .bss           0x0000000000000000        0x0 /usr/local/Cellar/avr-gcc/4.9.2/lib/gcc/avr/4.9.2/../../../../avr/lib/avr4/libc.a(strnlen_P.o)
 .text          0x0000000000000000        0x0 /usr/local/Cellar/avr-gcc/4.9.2/lib/gcc/avr/4.9.2/../../../../avr/lib/avr4/libc.a(strnlen.o)
 .bss           0x0000000000000000        0x0 /usr/local/Cellar/avr-gcc/4.9.2/lib/gcc/avr/4.9.2/../../../../avr/lib/avr4/libc.a(strnlen.o)
 .text          0x0000000000000000        0x0 /usr/local/Cellar/avr-gcc/4.9.2/lib/gcc/avr/4.9.2/../../../../avr/lib/avr4/libc.a(fputc.o)
 .bss           0x0000000000000000        0x0 /usr/local/Cellar/avr-gcc/4.9.2/lib/gcc/avr/4.9.2/../../../../avr/lib/avr4/libc.a(fputc.o)
 .text          0x0000000000000000        0x0 /usr/local/Cellar/avr-gcc/4.9.2/lib/gcc/avr/4.9.2/../../../../avr/lib/avr4/libc.a(ultoa_invert.o)
 .bss           0x0000000000000000        0x0 /usr/local/Cellar/avr-gcc/4.9.2/lib/gcc/avr/4.9.2/../../../../avr/lib/avr4/libc.a(ultoa_invert.o)
 .text          0x0000000000000000        0x0 /usr/local/Cellar/avr-gcc/4.9.2/lib/gcc/avr/4.9.2/avr4/libgcc.a(_prologue.o)
 .bss           0x0000000000000000        0x0 /usr/local/Cellar/avr-gcc/4.9.2/lib/gcc/avr/4.9.2/avr4/libgcc.a(_prologue.o)
 .text.libgcc.mul
                0x0000000000000000        0x0 /usr/local/Cellar/avr-gcc/4.9.2/lib/gcc/avr/4.9.2/avr4/libgcc.a(_prologue.o)
 .text.libgcc.div
                0x0000000000000000        0x0 /usr/local/Cellar/avr-gcc/4.9.2/lib/gcc/avr/4.9.2/avr4/libgcc.a(_prologue.o)
 .text.libgcc   0x0000000000000000        0x0 /usr/local/Cellar/avr-gcc/4.9.2/lib/gcc/avr/4.9.2/avr4/libgcc.a(_prologue.o)
 .text.libgcc.builtins
                0x0000000000000000        0x0 /usr/local/Cellar/avr-gcc/4.9.2/lib/gcc/avr/4.9.2/avr4/libgcc.a(_prologue.o)
 .text.libgcc.fmul
                0x0000000000000000        0x0 /usr/local/Cellar/avr-gcc/4.9.2/lib/gcc/avr/4.9.2/avr4/libgcc.a(_prologue.o)
 .text.libgcc.fixed
                0x0000000000000000        0x0 /usr/local/Cellar/avr-gcc/4.9.2/lib/gcc/avr/4.9.2/avr4/libgcc.a(_prologue.o)
 .text          0x0000000000000000        0x0 /usr/local/Cellar/avr-gcc/4.9.2/lib/gcc/avr/4.9.2/avr4/libgcc.a(_epilogue.o)
 .bss           0x0000000000000000        0x0 /usr/local/Cellar/avr-gcc/4.9.2/lib/gcc/avr/4.9.2/avr4/libgcc.a(_epilogue.o)
 .text.libgcc.mul
                0x0000000000000000        0x0 /usr/local/Cellar/avr-gcc/4.9.2/lib/gcc/avr/4.9.2/avr4/libgcc.a(_epilogue.o)
 .text.libgcc.div
                0x0000000000000000        0x0 /usr/local/Cellar/avr-gcc/4.9.2/lib/gcc/avr/4.9.2/avr4/libgcc.a(_epilogue.o)
 .text.libgcc   0x0000000000000000        0x0 /usr/local/Cellar/avr-gcc/4.9.2/lib/gcc/avr/4.9.2/avr4/libgcc.a(_epilogue.o)
 .text.libgcc.builtins
                0x0000000000000000        0x0 /usr/local/Cellar/avr-gcc/4.9.2/lib/gcc/avr/4.9.2/avr4/libgcc.a(_epilogue.o)
 .text.libgcc.fmul
                0x0000000000000000        0x0 /usr/local/Cellar/avr-gcc/4.9.2/lib/gcc/avr/4.9.2/avr4/libgcc.a(_epilogue.o)
 .text.libgcc.fixed
                0x0000000000000000        0x0 /usr/local/Cellar/avr-gcc/4.9.2/lib/gcc/avr/4.9.2/avr4/libgcc.a(_epilogue.o)

Memory Configuration

Name             Origin             Length             Attributes
text             0x0000000000000000 0x0000000000002000 xr
data             0x0000000000800060 0x000000000000ffa0 rw !x
eeprom           0x0000000000810000 0x0000000000010000 rw !x
fuse             0x0000000000820000 0x0000000000000400 rw !x
lock             0x0000000000830000 0x0000000000000400 rw !x
signature        0x0000000000840000 0x0000000000000400 rw !x
*default*        0x0000000000000000 0xffffffffffffffff

Linker script and memory map

LOAD /usr/local/Cellar/avr-gcc/4.9.2/lib/gcc/avr/4.9.2/../../../../avr/lib/avr4/crtm8.o
Address of section .text set to 0x1800
Address of section .library set to 0xaf6
LOAD obj/main.o
LOAD obj/mylib.o
LOAD obj/spi.o
LOAD obj/uart.o
LOAD obj/pfatfs/mmc.o
LOAD obj/pfatfs/pff.o
START GROUP
LOAD /usr/local/Cellar/avr-gcc/4.9.2/lib/gcc/avr/4.9.2/avr4/libgcc.a
LOAD /usr/local/Cellar/avr-gcc/4.9.2/lib/gcc/avr/4.9.2/../../../../avr/lib/avr4/libm.a
LOAD /usr/local/Cellar/avr-gcc/4.9.2/lib/gcc/avr/4.9.2/../../../../avr/lib/avr4/libc.a
END GROUP

.hash
 *(.hash)

.dynsym
 *(.dynsym)

.dynstr
 *(.dynstr)

.gnu.version
 *(.gnu.version)

.gnu.version_d
 *(.gnu.version_d)

.gnu.version_r
 *(.gnu.version_r)

.rel.init
 *(.rel.init)

.rela.init
 *(.rela.init)

.rel.text
 *(.rel.text)
 *(.rel.text.*)
 *(.rel.gnu.linkonce.t*)

.rela.text
 *(.rela.text)
 *(.rela.text.*)
 *(.rela.gnu.linkonce.t*)

.rel.fini
 *(.rel.fini)

.rela.fini
 *(.rela.fini)

.rel.rodata
 *(.rel.rodata)
 *(.rel.rodata.*)
 *(.rel.gnu.linkonce.r*)

.rela.rodata
 *(.rela.rodata)
 *(.rela.rodata.*)
 *(.rela.gnu.linkonce.r*)

.rel.data
 *(.rel.data)
 *(.rel.data.*)
 *(.rel.gnu.linkonce.d*)

.rela.data
 *(.rela.data)
 *(.rela.data.*)
 *(.rela.gnu.linkonce.d*)

.rel.ctors
 *(.rel.ctors)

.rela.ctors
 *(.rela.ctors)

.rel.dtors
 *(.rel.dtors)

.rela.dtors
 *(.rela.dtors)

.rel.got
 *(.rel.got)

.rela.got
 *(.rela.got)

.rel.bss
 *(.rel.bss)

.rela.bss
 *(.rela.bss)

.rel.plt
 *(.rel.plt)

.rela.plt
 *(.rela.plt)

.library        0x0000000000000af6      0x928
 *(.library)
 .library       0x0000000000000af6       0x18 obj/mylib.o
                0x0000000000000af6                my_func
 .library       0x0000000000000b0e       0x56 obj/spi.o
                0x0000000000000b0e                spi_init
                0x0000000000000b5a                spi_send
 .library       0x0000000000000b64       0x6a obj/uart.o
                0x0000000000000b64                uart_init
                0x0000000000000b78                uart_putchar
                0x0000000000000b8e                uart_getchar
                0x0000000000000b96                redirect_io
 .library       0x0000000000000bce      0x1fc obj/pfatfs/mmc.o
                0x0000000000000bce                disk_initialize
                0x0000000000000d24                disk_readp
 .library       0x0000000000000dca      0x654 obj/pfatfs/pff.o
                0x0000000000000dca                pf_mount
                0x0000000000000fbe                pf_open
                0x0000000000001052                pf_read
                0x00000000000011da                pf_opendir
                0x0000000000001256                pf_readdir
 *(.library)

.text           0x0000000000001800      0xa76 load address 0x000000000000141e
 *(.vectors)
 .vectors       0x0000000000001800       0x26 /usr/local/Cellar/avr-gcc/4.9.2/lib/gcc/avr/4.9.2/../../../../avr/lib/avr4/crtm8.o
                0x0000000000001800                __vectors
                0x0000000000001800                __vector_default
 *(.vectors)
 *(.progmem.gcc*)
                0x0000000000001826                . = ALIGN (0x2)
                0x0000000000001826                __trampolines_start = .
 *(.trampolines)
 .trampolines   0x0000000000001826        0x0 linker stubs
 *(.trampolines*)
                0x0000000000001826                __trampolines_end = .
 *(.progmem*)
                0x0000000000001826                . = ALIGN (0x2)
 *(.jumptables)
 *(.jumptables*)
 *(.lowtext)
 *(.lowtext*)
                0x0000000000001826                __ctors_start = .
 *(.ctors)
                0x0000000000001826                __ctors_end = .
                0x0000000000001826                __dtors_start = .
 *(.dtors)
                0x0000000000001826                __dtors_end = .
 SORT(*)(.ctors)
 SORT(*)(.dtors)
 *(.init0)
 .init0         0x0000000000001826        0x0 /usr/local/Cellar/avr-gcc/4.9.2/lib/gcc/avr/4.9.2/../../../../avr/lib/avr4/crtm8.o
                0x0000000000001826                __init
 *(.init0)
 *(.init1)
 *(.init1)
 *(.init2)
 .init2         0x0000000000001826        0xc /usr/local/Cellar/avr-gcc/4.9.2/lib/gcc/avr/4.9.2/../../../../avr/lib/avr4/crtm8.o
 *(.init2)
 *(.init3)
 *(.init3)
 *(.init4)
 .init4         0x0000000000001832       0x16 /usr/local/Cellar/avr-gcc/4.9.2/lib/gcc/avr/4.9.2/avr4/libgcc.a(_copy_data.o)
                0x0000000000001832                __do_copy_data
 .init4         0x0000000000001848       0x10 /usr/local/Cellar/avr-gcc/4.9.2/lib/gcc/avr/4.9.2/avr4/libgcc.a(_clear_bss.o)
                0x0000000000001848                __do_clear_bss
 *(.init4)
 *(.init5)
 *(.init5)
 *(.init6)
 *(.init6)
 *(.init7)
 *(.init7)
 *(.init8)
 *(.init8)
 *(.init9)
 .init9         0x0000000000001858        0x4 /usr/local/Cellar/avr-gcc/4.9.2/lib/gcc/avr/4.9.2/../../../../avr/lib/avr4/crtm8.o
 *(.init9)
 *(.text)
 .text          0x000000000000185c        0x2 /usr/local/Cellar/avr-gcc/4.9.2/lib/gcc/avr/4.9.2/../../../../avr/lib/avr4/crtm8.o
                0x000000000000185c                __vector_18
                0x000000000000185c                __vector_12
                0x000000000000185c                __bad_interrupt
                0x000000000000185c                __vector_6
                0x000000000000185c                __vector_3
                0x000000000000185c                __vector_11
                0x000000000000185c                __vector_13
                0x000000000000185c                __vector_17
                0x000000000000185c                __vector_7
                0x000000000000185c                __vector_5
                0x000000000000185c                __vector_4
                0x000000000000185c                __vector_9
                0x000000000000185c                __vector_2
                0x000000000000185c                __vector_15
                0x000000000000185c                __vector_8
                0x000000000000185c                __vector_14
                0x000000000000185c                __vector_10
                0x000000000000185c                __vector_16
                0x000000000000185c                __vector_1
                0x000000000000185e                . = ALIGN (0x2)
 *(.text.*)
 .text.startup.main
                0x000000000000185e        0xc obj/main.o
                0x000000000000185e                main
 .text.send_cmd
                0x000000000000186a       0x76 obj/pfatfs/mmc.o
 .text.clust2sect
                0x00000000000018e0       0x44 obj/pfatfs/pff.o
 .text.dir_rewind
                0x0000000000001924       0x58 obj/pfatfs/pff.o
 .text.get_fat  0x000000000000197c       0x74 obj/pfatfs/pff.o
 .text.dir_next
                0x00000000000019f0       0xbc obj/pfatfs/pff.o
 .text.check_fs
                0x0000000000001aac       0x6a obj/pfatfs/pff.o
 .text.follow_path
                0x0000000000001b16      0x17a obj/pfatfs/pff.o
 .text.libgcc.mul
                0x0000000000001c90       0x18 /usr/local/Cellar/avr-gcc/4.9.2/lib/gcc/avr/4.9.2/avr4/libgcc.a(_umulhisi3.o)
                0x0000000000001c90                __umulhisi3
 .text.libgcc.mul
                0x0000000000001ca8       0x14 /usr/local/Cellar/avr-gcc/4.9.2/lib/gcc/avr/4.9.2/avr4/libgcc.a(_muluhisi3.o)
                0x0000000000001ca8                __muluhisi3
 .text.libgcc.div
                0x0000000000001cbc       0x44 /usr/local/Cellar/avr-gcc/4.9.2/lib/gcc/avr/4.9.2/avr4/libgcc.a(_udivmodsi4.o)
                0x0000000000001cbc                __udivmodsi4
 .text.avr-libc
                0x0000000000001d00       0x26 /usr/local/Cellar/avr-gcc/4.9.2/lib/gcc/avr/4.9.2/../../../../avr/lib/avr4/libc.a(printf.o)
                0x0000000000001d00                printf
 .text.avr-libc
                0x0000000000001d26      0x386 /usr/local/Cellar/avr-gcc/4.9.2/lib/gcc/avr/4.9.2/../../../../avr/lib/avr4/libc.a(vfprintf_std.o)
                0x0000000000001d26                vfprintf
 .text.avr-libc
                0x00000000000020ac       0x16 /usr/local/Cellar/avr-gcc/4.9.2/lib/gcc/avr/4.9.2/../../../../avr/lib/avr4/libc.a(strnlen_P.o)
                0x00000000000020ac                strnlen_P
 .text.avr-libc
                0x00000000000020c2       0x16 /usr/local/Cellar/avr-gcc/4.9.2/lib/gcc/avr/4.9.2/../../../../avr/lib/avr4/libc.a(strnlen.o)
                0x00000000000020c2                strnlen
 .text.avr-libc
                0x00000000000020d8       0x70 /usr/local/Cellar/avr-gcc/4.9.2/lib/gcc/avr/4.9.2/../../../../avr/lib/avr4/libc.a(fputc.o)
                0x00000000000020d8                fputc
 .text.avr-libc
                0x0000000000002148       0xbc /usr/local/Cellar/avr-gcc/4.9.2/lib/gcc/avr/4.9.2/../../../../avr/lib/avr4/libc.a(ultoa_invert.o)
                0x0000000000002148                __ultoa_invert
 .text.libgcc.prologue
                0x0000000000002204       0x38 /usr/local/Cellar/avr-gcc/4.9.2/lib/gcc/avr/4.9.2/avr4/libgcc.a(_prologue.o)
                0x0000000000002204                __prologue_saves__
 .text.libgcc.prologue
                0x000000000000223c       0x36 /usr/local/Cellar/avr-gcc/4.9.2/lib/gcc/avr/4.9.2/avr4/libgcc.a(_epilogue.o)
                0x000000000000223c                __epilogue_restores__
                0x0000000000002272                . = ALIGN (0x2)
 *(.fini9)
 .fini9         0x0000000000002272        0x0 /usr/local/Cellar/avr-gcc/4.9.2/lib/gcc/avr/4.9.2/avr4/libgcc.a(_exit.o)
                0x0000000000002272                exit
                0x0000000000002272                _exit
 *(.fini9)
 *(.fini8)
 *(.fini8)
 *(.fini7)
 *(.fini7)
 *(.fini6)
 *(.fini6)
 *(.fini5)
 *(.fini5)
 *(.fini4)
 *(.fini4)
 *(.fini3)
 *(.fini3)
 *(.fini2)
 *(.fini2)
 *(.fini1)
 *(.fini1)
 *(.fini0)
 .fini0         0x0000000000002272        0x4 /usr/local/Cellar/avr-gcc/4.9.2/lib/gcc/avr/4.9.2/avr4/libgcc.a(_exit.o)
 *(.fini0)
                0x0000000000002276                _etext = .

.data           0x0000000000800060        0xe load address 0x0000000000002276
                0x0000000000800060                PROVIDE (__data_start, .)
 *(.data)
 .data          0x0000000000800060        0x0 /usr/local/Cellar/avr-gcc/4.9.2/lib/gcc/avr/4.9.2/../../../../avr/lib/avr4/crtm8.o
 .data          0x0000000000800060        0x0 obj/main.o
 .data          0x0000000000800060        0x0 obj/mylib.o
 .data          0x0000000000800060        0x0 obj/spi.o
 .data          0x0000000000800060        0x0 obj/uart.o
 .data          0x0000000000800060        0x0 obj/pfatfs/mmc.o
 .data          0x0000000000800060        0x0 obj/pfatfs/pff.o
 .data          0x0000000000800060        0x0 /usr/local/Cellar/avr-gcc/4.9.2/lib/gcc/avr/4.9.2/avr4/libgcc.a(_umulhisi3.o)
 .data          0x0000000000800060        0x0 /usr/local/Cellar/avr-gcc/4.9.2/lib/gcc/avr/4.9.2/avr4/libgcc.a(_muluhisi3.o)
 .data          0x0000000000800060        0x0 /usr/local/Cellar/avr-gcc/4.9.2/lib/gcc/avr/4.9.2/avr4/libgcc.a(_udivmodsi4.o)
 .data          0x0000000000800060        0x0 /usr/local/Cellar/avr-gcc/4.9.2/lib/gcc/avr/4.9.2/avr4/libgcc.a(_exit.o)
 .data          0x0000000000800060        0x0 /usr/local/Cellar/avr-gcc/4.9.2/lib/gcc/avr/4.9.2/avr4/libgcc.a(_copy_data.o)
 .data          0x0000000000800060        0x0 /usr/local/Cellar/avr-gcc/4.9.2/lib/gcc/avr/4.9.2/avr4/libgcc.a(_clear_bss.o)
 .data          0x0000000000800060        0x0 /usr/local/Cellar/avr-gcc/4.9.2/lib/gcc/avr/4.9.2/../../../../avr/lib/avr4/libc.a(iob.o)
 .data          0x0000000000800060        0x0 /usr/local/Cellar/avr-gcc/4.9.2/lib/gcc/avr/4.9.2/../../../../avr/lib/avr4/libc.a(printf.o)
 .data          0x0000000000800060        0x0 /usr/local/Cellar/avr-gcc/4.9.2/lib/gcc/avr/4.9.2/../../../../avr/lib/avr4/libc.a(vfprintf_std.o)
 .data          0x0000000000800060        0x0 /usr/local/Cellar/avr-gcc/4.9.2/lib/gcc/avr/4.9.2/../../../../avr/lib/avr4/libc.a(strnlen_P.o)
 .data          0x0000000000800060        0x0 /usr/local/Cellar/avr-gcc/4.9.2/lib/gcc/avr/4.9.2/../../../../avr/lib/avr4/libc.a(strnlen.o)
 .data          0x0000000000800060        0x0 /usr/local/Cellar/avr-gcc/4.9.2/lib/gcc/avr/4.9.2/../../../../avr/lib/avr4/libc.a(fputc.o)
 .data          0x0000000000800060        0x0 /usr/local/Cellar/avr-gcc/4.9.2/lib/gcc/avr/4.9.2/../../../../avr/lib/avr4/libc.a(ultoa_invert.o)
 .data          0x0000000000800060        0x0 /usr/local/Cellar/avr-gcc/4.9.2/lib/gcc/avr/4.9.2/avr4/libgcc.a(_prologue.o)
 .data          0x0000000000800060        0x0 /usr/local/Cellar/avr-gcc/4.9.2/lib/gcc/avr/4.9.2/avr4/libgcc.a(_epilogue.o)
 *(.data*)
 *(.rodata)
 *(.rodata*)
 .rodata.str1.1
                0x0000000000800060        0xd obj/mylib.o
 *(.gnu.linkonce.d*)
                0x000000000080006e                . = ALIGN (0x2)
 *fill*         0x000000000080006d        0x1 
                0x000000000080006e                _edata = .
                0x000000000080006e                PROVIDE (__data_end, .)

.bss            0x000000000080006e        0x9
                0x000000000080006e                PROVIDE (__bss_start, .)
 *(.bss)
 *(.bss*)
 .bss.CardType  0x000000000080006e        0x1 obj/pfatfs/mmc.o
 .bss.FatFs     0x000000000080006f        0x2 obj/pfatfs/pff.o
 *(COMMON)
 COMMON         0x0000000000800071        0x6 /usr/local/Cellar/avr-gcc/4.9.2/lib/gcc/avr/4.9.2/../../../../avr/lib/avr4/libc.a(iob.o)
                0x0000000000800071                __iob
                0x0000000000800077                PROVIDE (__bss_end, .)
                0x0000000000002276                __data_load_start = LOADADDR (.data)
                0x0000000000002284                __data_load_end = (__data_load_start + SIZEOF (.data))

.noinit         0x0000000000800077        0x0
                0x0000000000800077                PROVIDE (__noinit_start, .)
 *(.noinit*)
                0x0000000000800077                PROVIDE (__noinit_end, .)
                0x0000000000800077                _end = .
                0x0000000000800077                PROVIDE (__heap_start, .)

.eeprom         0x0000000000810000        0x0
 *(.eeprom*)
                0x0000000000810000                __eeprom_end = .

.fuse
 *(.fuse)
 *(.lfuse)
 *(.hfuse)
 *(.efuse)

.lock
 *(.lock*)

.signature
 *(.signature*)

.stab
 *(.stab)

.stabstr
 *(.stabstr)

.stab.excl
 *(.stab.excl)

.stab.exclstr
 *(.stab.exclstr)

.stab.index
 *(.stab.index)

.stab.indexstr
 *(.stab.indexstr)

.comment        0x0000000000000000       0x11
 *(.comment)
 .comment       0x0000000000000000       0x11 obj/main.o
                                         0x12 (size before relaxing)
 .comment       0x0000000000000000       0x12 obj/mylib.o
 .comment       0x0000000000000000       0x12 obj/spi.o
 .comment       0x0000000000000000       0x12 obj/uart.o
 .comment       0x0000000000000000       0x12 obj/pfatfs/mmc.o
 .comment       0x0000000000000000       0x12 obj/pfatfs/pff.o
 .comment       0x0000000000000000       0x12 /usr/local/Cellar/avr-gcc/4.9.2/lib/gcc/avr/4.9.2/../../../../avr/lib/avr4/libc.a(iob.o)
 .comment       0x0000000000000000       0x12 /usr/local/Cellar/avr-gcc/4.9.2/lib/gcc/avr/4.9.2/../../../../avr/lib/avr4/libc.a(printf.o)
 .comment       0x0000000000000000       0x12 /usr/local/Cellar/avr-gcc/4.9.2/lib/gcc/avr/4.9.2/../../../../avr/lib/avr4/libc.a(vfprintf_std.o)
 .comment       0x0000000000000000       0x12 /usr/local/Cellar/avr-gcc/4.9.2/lib/gcc/avr/4.9.2/../../../../avr/lib/avr4/libc.a(fputc.o)

.note.gnu.build-id
 *(.note.gnu.build-id)

.debug
 *(.debug)

.line
 *(.line)

.debug_srcinfo
 *(.debug_srcinfo)

.debug_sfnames
 *(.debug_sfnames)

.debug_aranges  0x0000000000000000      0x100
 *(.debug_aranges)
 .debug_aranges
                0x0000000000000000       0x20 /usr/local/Cellar/avr-gcc/4.9.2/lib/gcc/avr/4.9.2/avr4/libgcc.a(_umulhisi3.o)
 .debug_aranges
                0x0000000000000020       0x20 /usr/local/Cellar/avr-gcc/4.9.2/lib/gcc/avr/4.9.2/avr4/libgcc.a(_muluhisi3.o)
 .debug_aranges
                0x0000000000000040       0x20 /usr/local/Cellar/avr-gcc/4.9.2/lib/gcc/avr/4.9.2/avr4/libgcc.a(_udivmodsi4.o)
 .debug_aranges
                0x0000000000000060       0x20 /usr/local/Cellar/avr-gcc/4.9.2/lib/gcc/avr/4.9.2/avr4/libgcc.a(_exit.o)
 .debug_aranges
                0x0000000000000080       0x20 /usr/local/Cellar/avr-gcc/4.9.2/lib/gcc/avr/4.9.2/avr4/libgcc.a(_copy_data.o)
 .debug_aranges
                0x00000000000000a0       0x20 /usr/local/Cellar/avr-gcc/4.9.2/lib/gcc/avr/4.9.2/avr4/libgcc.a(_clear_bss.o)
 .debug_aranges
                0x00000000000000c0       0x20 /usr/local/Cellar/avr-gcc/4.9.2/lib/gcc/avr/4.9.2/avr4/libgcc.a(_prologue.o)
 .debug_aranges
                0x00000000000000e0       0x20 /usr/local/Cellar/avr-gcc/4.9.2/lib/gcc/avr/4.9.2/avr4/libgcc.a(_epilogue.o)

.debug_pubnames
 *(.debug_pubnames)

.debug_info     0x0000000000000000      0x964
 *(.debug_info .gnu.linkonce.wi.*)
 .debug_info    0x0000000000000000      0x48c /usr/local/Cellar/avr-gcc/4.9.2/lib/gcc/avr/4.9.2/../../../../avr/lib/avr4/crtm8.o
 .debug_info    0x000000000000048c       0x9b /usr/local/Cellar/avr-gcc/4.9.2/lib/gcc/avr/4.9.2/avr4/libgcc.a(_umulhisi3.o)
 .debug_info    0x0000000000000527       0x9b /usr/local/Cellar/avr-gcc/4.9.2/lib/gcc/avr/4.9.2/avr4/libgcc.a(_muluhisi3.o)
 .debug_info    0x00000000000005c2       0x9b /usr/local/Cellar/avr-gcc/4.9.2/lib/gcc/avr/4.9.2/avr4/libgcc.a(_udivmodsi4.o)
 .debug_info    0x000000000000065d       0x9b /usr/local/Cellar/avr-gcc/4.9.2/lib/gcc/avr/4.9.2/avr4/libgcc.a(_exit.o)
 .debug_info    0x00000000000006f8       0x9b /usr/local/Cellar/avr-gcc/4.9.2/lib/gcc/avr/4.9.2/avr4/libgcc.a(_copy_data.o)
 .debug_info    0x0000000000000793       0x9b /usr/local/Cellar/avr-gcc/4.9.2/lib/gcc/avr/4.9.2/avr4/libgcc.a(_clear_bss.o)
 .debug_info    0x000000000000082e       0x9b /usr/local/Cellar/avr-gcc/4.9.2/lib/gcc/avr/4.9.2/avr4/libgcc.a(_prologue.o)
 .debug_info    0x00000000000008c9       0x9b /usr/local/Cellar/avr-gcc/4.9.2/lib/gcc/avr/4.9.2/avr4/libgcc.a(_epilogue.o)

.debug_abbrev   0x0000000000000000      0x4ee
 *(.debug_abbrev)
 .debug_abbrev  0x0000000000000000      0x44e /usr/local/Cellar/avr-gcc/4.9.2/lib/gcc/avr/4.9.2/../../../../avr/lib/avr4/crtm8.o
 .debug_abbrev  0x000000000000044e       0x14 /usr/local/Cellar/avr-gcc/4.9.2/lib/gcc/avr/4.9.2/avr4/libgcc.a(_umulhisi3.o)
 .debug_abbrev  0x0000000000000462       0x14 /usr/local/Cellar/avr-gcc/4.9.2/lib/gcc/avr/4.9.2/avr4/libgcc.a(_muluhisi3.o)
 .debug_abbrev  0x0000000000000476       0x14 /usr/local/Cellar/avr-gcc/4.9.2/lib/gcc/avr/4.9.2/avr4/libgcc.a(_udivmodsi4.o)
 .debug_abbrev  0x000000000000048a       0x14 /usr/local/Cellar/avr-gcc/4.9.2/lib/gcc/avr/4.9.2/avr4/libgcc.a(_exit.o)
 .debug_abbrev  0x000000000000049e       0x14 /usr/local/Cellar/avr-gcc/4.9.2/lib/gcc/avr/4.9.2/avr4/libgcc.a(_copy_data.o)
 .debug_abbrev  0x00000000000004b2       0x14 /usr/local/Cellar/avr-gcc/4.9.2/lib/gcc/avr/4.9.2/avr4/libgcc.a(_clear_bss.o)
 .debug_abbrev  0x00000000000004c6       0x14 /usr/local/Cellar/avr-gcc/4.9.2/lib/gcc/avr/4.9.2/avr4/libgcc.a(_prologue.o)
 .debug_abbrev  0x00000000000004da       0x14 /usr/local/Cellar/avr-gcc/4.9.2/lib/gcc/avr/4.9.2/avr4/libgcc.a(_epilogue.o)

.debug_line     0x0000000000000000      0x36f
 *(.debug_line .debug_line.* .debug_line_end)
 .debug_line    0x0000000000000000       0x1d /usr/local/Cellar/avr-gcc/4.9.2/lib/gcc/avr/4.9.2/../../../../avr/lib/avr4/crtm8.o
 .debug_line    0x000000000000001d       0x67 /usr/local/Cellar/avr-gcc/4.9.2/lib/gcc/avr/4.9.2/avr4/libgcc.a(_umulhisi3.o)
 .debug_line    0x0000000000000084       0x63 /usr/local/Cellar/avr-gcc/4.9.2/lib/gcc/avr/4.9.2/avr4/libgcc.a(_muluhisi3.o)
 .debug_line    0x00000000000000e7       0x7b /usr/local/Cellar/avr-gcc/4.9.2/lib/gcc/avr/4.9.2/avr4/libgcc.a(_udivmodsi4.o)
 .debug_line    0x0000000000000162       0x5b /usr/local/Cellar/avr-gcc/4.9.2/lib/gcc/avr/4.9.2/avr4/libgcc.a(_exit.o)
 .debug_line    0x00000000000001bd       0x64 /usr/local/Cellar/avr-gcc/4.9.2/lib/gcc/avr/4.9.2/avr4/libgcc.a(_copy_data.o)
 .debug_line    0x0000000000000221       0x61 /usr/local/Cellar/avr-gcc/4.9.2/lib/gcc/avr/4.9.2/avr4/libgcc.a(_clear_bss.o)
 .debug_line    0x0000000000000282       0x77 /usr/local/Cellar/avr-gcc/4.9.2/lib/gcc/avr/4.9.2/avr4/libgcc.a(_prologue.o)
 .debug_line    0x00000000000002f9       0x76 /usr/local/Cellar/avr-gcc/4.9.2/lib/gcc/avr/4.9.2/avr4/libgcc.a(_epilogue.o)

.debug_frame
 *(.debug_frame)

.debug_str      0x0000000000000000      0x17a
 *(.debug_str)
 .debug_str     0x0000000000000000      0x17a /usr/local/Cellar/avr-gcc/4.9.2/lib/gcc/avr/4.9.2/../../../../avr/lib/avr4/crtm8.o

.debug_loc
 *(.debug_loc)

.debug_macinfo
 *(.debug_macinfo)

.debug_weaknames
 *(.debug_weaknames)

.debug_funcnames
 *(.debug_funcnames)

.debug_typenames
 *(.debug_typenames)

.debug_varnames
 *(.debug_varnames)

.debug_pubtypes
 *(.debug_pubtypes)

.debug_ranges
 *(.debug_ranges)

.debug_macro
 *(.debug_macro)
OUTPUT(main.elf elf32-avr)
LOAD linker stubs
