Archive member included because of file (symbol)

/usr/local/Cellar/avr-gcc/4.9.2/lib/gcc/avr/4.9.2/avr4/libgcc.a(_muluhisi3.o)
                              src/pfatfs/pff.o (__muluhisi3)
/usr/local/Cellar/avr-gcc/4.9.2/lib/gcc/avr/4.9.2/avr4/libgcc.a(_udivmodsi4.o)
                              src/pfatfs/pff.o (__udivmodsi4)
/usr/local/Cellar/avr-gcc/4.9.2/lib/gcc/avr/4.9.2/avr4/libgcc.a(_exit.o)
                              /usr/local/Cellar/avr-gcc/4.9.2/lib/gcc/avr/4.9.2/../../../../avr/lib/avr4/crtm8.o (exit)
/usr/local/Cellar/avr-gcc/4.9.2/lib/gcc/avr/4.9.2/avr4/libgcc.a(_copy_data.o)
                              src/main.o (__do_copy_data)
/usr/local/Cellar/avr-gcc/4.9.2/lib/gcc/avr/4.9.2/avr4/libgcc.a(_clear_bss.o)
                              src/pfatfs/mmc.o (__do_clear_bss)
/usr/local/Cellar/avr-gcc/4.9.2/lib/gcc/avr/4.9.2/avr4/libgcc.a(_umulhisi3.o)
                              /usr/local/Cellar/avr-gcc/4.9.2/lib/gcc/avr/4.9.2/avr4/libgcc.a(_muluhisi3.o) (__umulhisi3)
/usr/local/Cellar/avr-gcc/4.9.2/lib/gcc/avr/4.9.2/../../../../avr/lib/avr4/libc.a(iob.o)
                              src/main.o (__iob)
/usr/local/Cellar/avr-gcc/4.9.2/lib/gcc/avr/4.9.2/../../../../avr/lib/avr4/libc.a(printf.o)
                              src/mylib.o (printf)
/usr/local/Cellar/avr-gcc/4.9.2/lib/gcc/avr/4.9.2/../../../../avr/lib/avr4/libc.a(puts.o)
                              src/main.o (puts)
/usr/local/Cellar/avr-gcc/4.9.2/lib/gcc/avr/4.9.2/../../../../avr/lib/avr4/libc.a(vfprintf_std.o)
                              /usr/local/Cellar/avr-gcc/4.9.2/lib/gcc/avr/4.9.2/../../../../avr/lib/avr4/libc.a(printf.o) (vfprintf)
/usr/local/Cellar/avr-gcc/4.9.2/lib/gcc/avr/4.9.2/../../../../avr/lib/avr4/libc.a(strnlen_P.o)
                              /usr/local/Cellar/avr-gcc/4.9.2/lib/gcc/avr/4.9.2/../../../../avr/lib/avr4/libc.a(vfprintf_std.o) (strnlen_P)
/usr/local/Cellar/avr-gcc/4.9.2/lib/gcc/avr/4.9.2/../../../../avr/lib/avr4/libc.a(strnlen.o)
                              /usr/local/Cellar/avr-gcc/4.9.2/lib/gcc/avr/4.9.2/../../../../avr/lib/avr4/libc.a(vfprintf_std.o) (strnlen)
/usr/local/Cellar/avr-gcc/4.9.2/lib/gcc/avr/4.9.2/../../../../avr/lib/avr4/libc.a(fputc.o)
                              /usr/local/Cellar/avr-gcc/4.9.2/lib/gcc/avr/4.9.2/../../../../avr/lib/avr4/libc.a(vfprintf_std.o) (fputc)
/usr/local/Cellar/avr-gcc/4.9.2/lib/gcc/avr/4.9.2/../../../../avr/lib/avr4/libc.a(ultoa_invert.o)
                              /usr/local/Cellar/avr-gcc/4.9.2/lib/gcc/avr/4.9.2/../../../../avr/lib/avr4/libc.a(vfprintf_std.o) (__ultoa_invert)
/usr/local/Cellar/avr-gcc/4.9.2/lib/gcc/avr/4.9.2/avr4/libgcc.a(_prologue.o)
                              /usr/local/Cellar/avr-gcc/4.9.2/lib/gcc/avr/4.9.2/../../../../avr/lib/avr4/libc.a(printf.o) (__prologue_saves__)
/usr/local/Cellar/avr-gcc/4.9.2/lib/gcc/avr/4.9.2/avr4/libgcc.a(_epilogue.o)
                              /usr/local/Cellar/avr-gcc/4.9.2/lib/gcc/avr/4.9.2/../../../../avr/lib/avr4/libc.a(printf.o) (__epilogue_restores__)

Allocating common symbols
Common symbol       size              file

__iob               0x6               /usr/local/Cellar/avr-gcc/4.9.2/lib/gcc/avr/4.9.2/../../../../avr/lib/avr4/libc.a(iob.o)

Discarded input sections

 .bss           0x0000000000000000        0x0 /usr/local/Cellar/avr-gcc/4.9.2/lib/gcc/avr/4.9.2/../../../../avr/lib/avr4/crtm8.o
 .text          0x0000000000000000        0x0 src/main.o
 .bss           0x0000000000000000        0x0 src/main.o
 .text          0x0000000000000000        0x0 src/mylib.o
 .bss           0x0000000000000000        0x0 src/mylib.o
 .rodata.str1.1
                0x0000000000000000        0xd src/mylib.o
 .text.my_func  0x0000000000000000       0x18 src/mylib.o
 .text          0x0000000000000000        0x0 src/spi.o
 .bss           0x0000000000000000        0x0 src/spi.o
 .rodata.__SPI_DBLCLK_MASK
                0x0000000000000000        0x1 src/spi.o
 .rodata.__SPI_SPEED_MASK
                0x0000000000000000        0x1 src/spi.o
 .rodata.__SPI_MODE_MASK
                0x0000000000000000        0x1 src/spi.o
 .rodata.__SPI_MASTER_MASK
                0x0000000000000000        0x1 src/spi.o
 .rodata.__SPI_LSBFIRST_MASK
                0x0000000000000000        0x1 src/spi.o
 .rodata.__SPI_SCK
                0x0000000000000000        0x1 src/spi.o
 .rodata.__SPI_MISO
                0x0000000000000000        0x1 src/spi.o
 .rodata.__SPI_MOSI
                0x0000000000000000        0x1 src/spi.o
 .text          0x0000000000000000        0x0 src/uart.o
 .bss           0x0000000000000000        0x0 src/uart.o
 .text.uart_init
                0x0000000000000000       0x14 src/uart.o
 .text.redirect_io
                0x0000000000000000       0x38 src/uart.o
 .text          0x0000000000000000        0x0 src/pfatfs/mmc.o
 .bss           0x0000000000000000        0x0 src/pfatfs/mmc.o
 .text.disk_readp
                0x0000000000000000       0xa6 src/pfatfs/mmc.o
 .text.disk_writep
                0x0000000000000000       0x94 src/pfatfs/mmc.o
 .text          0x0000000000000000        0x0 src/pfatfs/pff.o
 .bss           0x0000000000000000        0x0 src/pfatfs/pff.o
 .text.clust2sect
                0x0000000000000000       0x54 src/pfatfs/pff.o
 .text.dir_rewind
                0x0000000000000000       0x90 src/pfatfs/pff.o
 .text.get_fat  0x0000000000000000       0xfc src/pfatfs/pff.o
 .text.dir_next
                0x0000000000000000       0xe4 src/pfatfs/pff.o
 .text.check_fs
                0x0000000000000000       0x88 src/pfatfs/pff.o
 .text.follow_path
                0x0000000000000000      0x1a0 src/pfatfs/pff.o
 .text.pf_mount
                0x0000000000000000      0x204 src/pfatfs/pff.o
 .text.pf_open  0x0000000000000000       0xb2 src/pfatfs/pff.o
 .text.pf_read  0x0000000000000000      0x19c src/pfatfs/pff.o
 .text.pf_write
                0x0000000000000000      0x1f4 src/pfatfs/pff.o
 .text.pf_opendir
                0x0000000000000000       0x9a src/pfatfs/pff.o
 .text.pf_readdir
                0x0000000000000000      0x1c8 src/pfatfs/pff.o
 .bss.FatFs     0x0000000000000000        0x2 src/pfatfs/pff.o
 .text          0x0000000000000000        0x0 /usr/local/Cellar/avr-gcc/4.9.2/lib/gcc/avr/4.9.2/avr4/libgcc.a(_muluhisi3.o)
 .bss           0x0000000000000000        0x0 /usr/local/Cellar/avr-gcc/4.9.2/lib/gcc/avr/4.9.2/avr4/libgcc.a(_muluhisi3.o)
 .text.libgcc.mul
                0x0000000000000000       0x14 /usr/local/Cellar/avr-gcc/4.9.2/lib/gcc/avr/4.9.2/avr4/libgcc.a(_muluhisi3.o)
 .text.libgcc.div
                0x0000000000000000        0x0 /usr/local/Cellar/avr-gcc/4.9.2/lib/gcc/avr/4.9.2/avr4/libgcc.a(_muluhisi3.o)
 .text.libgcc   0x0000000000000000        0x0 /usr/local/Cellar/avr-gcc/4.9.2/lib/gcc/avr/4.9.2/avr4/libgcc.a(_muluhisi3.o)
 .text.libgcc.prologue
                0x0000000000000000        0x0 /usr/local/Cellar/avr-gcc/4.9.2/lib/gcc/avr/4.9.2/avr4/libgcc.a(_muluhisi3.o)
 .text.libgcc.builtins
                0x0000000000000000        0x0 /usr/local/Cellar/avr-gcc/4.9.2/lib/gcc/avr/4.9.2/avr4/libgcc.a(_muluhisi3.o)
 .text.libgcc.fmul
                0x0000000000000000        0x0 /usr/local/Cellar/avr-gcc/4.9.2/lib/gcc/avr/4.9.2/avr4/libgcc.a(_muluhisi3.o)
 .text.libgcc.fixed
                0x0000000000000000        0x0 /usr/local/Cellar/avr-gcc/4.9.2/lib/gcc/avr/4.9.2/avr4/libgcc.a(_muluhisi3.o)
 .text          0x0000000000000000        0x0 /usr/local/Cellar/avr-gcc/4.9.2/lib/gcc/avr/4.9.2/avr4/libgcc.a(_udivmodsi4.o)
 .bss           0x0000000000000000        0x0 /usr/local/Cellar/avr-gcc/4.9.2/lib/gcc/avr/4.9.2/avr4/libgcc.a(_udivmodsi4.o)
 .text.libgcc.mul
                0x0000000000000000        0x0 /usr/local/Cellar/avr-gcc/4.9.2/lib/gcc/avr/4.9.2/avr4/libgcc.a(_udivmodsi4.o)
 .text.libgcc.div
                0x0000000000000000       0x44 /usr/local/Cellar/avr-gcc/4.9.2/lib/gcc/avr/4.9.2/avr4/libgcc.a(_udivmodsi4.o)
 .text.libgcc   0x0000000000000000        0x0 /usr/local/Cellar/avr-gcc/4.9.2/lib/gcc/avr/4.9.2/avr4/libgcc.a(_udivmodsi4.o)
 .text.libgcc.prologue
                0x0000000000000000        0x0 /usr/local/Cellar/avr-gcc/4.9.2/lib/gcc/avr/4.9.2/avr4/libgcc.a(_udivmodsi4.o)
 .text.libgcc.builtins
                0x0000000000000000        0x0 /usr/local/Cellar/avr-gcc/4.9.2/lib/gcc/avr/4.9.2/avr4/libgcc.a(_udivmodsi4.o)
 .text.libgcc.fmul
                0x0000000000000000        0x0 /usr/local/Cellar/avr-gcc/4.9.2/lib/gcc/avr/4.9.2/avr4/libgcc.a(_udivmodsi4.o)
 .text.libgcc.fixed
                0x0000000000000000        0x0 /usr/local/Cellar/avr-gcc/4.9.2/lib/gcc/avr/4.9.2/avr4/libgcc.a(_udivmodsi4.o)
 .text          0x0000000000000000        0x0 /usr/local/Cellar/avr-gcc/4.9.2/lib/gcc/avr/4.9.2/avr4/libgcc.a(_exit.o)
 .bss           0x0000000000000000        0x0 /usr/local/Cellar/avr-gcc/4.9.2/lib/gcc/avr/4.9.2/avr4/libgcc.a(_exit.o)
 .text.libgcc.mul
                0x0000000000000000        0x0 /usr/local/Cellar/avr-gcc/4.9.2/lib/gcc/avr/4.9.2/avr4/libgcc.a(_exit.o)
 .text.libgcc.div
                0x0000000000000000        0x0 /usr/local/Cellar/avr-gcc/4.9.2/lib/gcc/avr/4.9.2/avr4/libgcc.a(_exit.o)
 .text.libgcc   0x0000000000000000        0x0 /usr/local/Cellar/avr-gcc/4.9.2/lib/gcc/avr/4.9.2/avr4/libgcc.a(_exit.o)
 .text.libgcc.prologue
                0x0000000000000000        0x0 /usr/local/Cellar/avr-gcc/4.9.2/lib/gcc/avr/4.9.2/avr4/libgcc.a(_exit.o)
 .text.libgcc.builtins
                0x0000000000000000        0x0 /usr/local/Cellar/avr-gcc/4.9.2/lib/gcc/avr/4.9.2/avr4/libgcc.a(_exit.o)
 .text.libgcc.fmul
                0x0000000000000000        0x0 /usr/local/Cellar/avr-gcc/4.9.2/lib/gcc/avr/4.9.2/avr4/libgcc.a(_exit.o)
 .text.libgcc.fixed
                0x0000000000000000        0x0 /usr/local/Cellar/avr-gcc/4.9.2/lib/gcc/avr/4.9.2/avr4/libgcc.a(_exit.o)
 .text          0x0000000000000000        0x0 /usr/local/Cellar/avr-gcc/4.9.2/lib/gcc/avr/4.9.2/avr4/libgcc.a(_copy_data.o)
 .bss           0x0000000000000000        0x0 /usr/local/Cellar/avr-gcc/4.9.2/lib/gcc/avr/4.9.2/avr4/libgcc.a(_copy_data.o)
 .text.libgcc.mul
                0x0000000000000000        0x0 /usr/local/Cellar/avr-gcc/4.9.2/lib/gcc/avr/4.9.2/avr4/libgcc.a(_copy_data.o)
 .text.libgcc.div
                0x0000000000000000        0x0 /usr/local/Cellar/avr-gcc/4.9.2/lib/gcc/avr/4.9.2/avr4/libgcc.a(_copy_data.o)
 .text.libgcc   0x0000000000000000        0x0 /usr/local/Cellar/avr-gcc/4.9.2/lib/gcc/avr/4.9.2/avr4/libgcc.a(_copy_data.o)
 .text.libgcc.prologue
                0x0000000000000000        0x0 /usr/local/Cellar/avr-gcc/4.9.2/lib/gcc/avr/4.9.2/avr4/libgcc.a(_copy_data.o)
 .text.libgcc.builtins
                0x0000000000000000        0x0 /usr/local/Cellar/avr-gcc/4.9.2/lib/gcc/avr/4.9.2/avr4/libgcc.a(_copy_data.o)
 .text.libgcc.fmul
                0x0000000000000000        0x0 /usr/local/Cellar/avr-gcc/4.9.2/lib/gcc/avr/4.9.2/avr4/libgcc.a(_copy_data.o)
 .text.libgcc.fixed
                0x0000000000000000        0x0 /usr/local/Cellar/avr-gcc/4.9.2/lib/gcc/avr/4.9.2/avr4/libgcc.a(_copy_data.o)
 .text          0x0000000000000000        0x0 /usr/local/Cellar/avr-gcc/4.9.2/lib/gcc/avr/4.9.2/avr4/libgcc.a(_clear_bss.o)
 .bss           0x0000000000000000        0x0 /usr/local/Cellar/avr-gcc/4.9.2/lib/gcc/avr/4.9.2/avr4/libgcc.a(_clear_bss.o)
 .text.libgcc.mul
                0x0000000000000000        0x0 /usr/local/Cellar/avr-gcc/4.9.2/lib/gcc/avr/4.9.2/avr4/libgcc.a(_clear_bss.o)
 .text.libgcc.div
                0x0000000000000000        0x0 /usr/local/Cellar/avr-gcc/4.9.2/lib/gcc/avr/4.9.2/avr4/libgcc.a(_clear_bss.o)
 .text.libgcc   0x0000000000000000        0x0 /usr/local/Cellar/avr-gcc/4.9.2/lib/gcc/avr/4.9.2/avr4/libgcc.a(_clear_bss.o)
 .text.libgcc.prologue
                0x0000000000000000        0x0 /usr/local/Cellar/avr-gcc/4.9.2/lib/gcc/avr/4.9.2/avr4/libgcc.a(_clear_bss.o)
 .text.libgcc.builtins
                0x0000000000000000        0x0 /usr/local/Cellar/avr-gcc/4.9.2/lib/gcc/avr/4.9.2/avr4/libgcc.a(_clear_bss.o)
 .text.libgcc.fmul
                0x0000000000000000        0x0 /usr/local/Cellar/avr-gcc/4.9.2/lib/gcc/avr/4.9.2/avr4/libgcc.a(_clear_bss.o)
 .text.libgcc.fixed
                0x0000000000000000        0x0 /usr/local/Cellar/avr-gcc/4.9.2/lib/gcc/avr/4.9.2/avr4/libgcc.a(_clear_bss.o)
 .text          0x0000000000000000        0x0 /usr/local/Cellar/avr-gcc/4.9.2/lib/gcc/avr/4.9.2/avr4/libgcc.a(_umulhisi3.o)
 .bss           0x0000000000000000        0x0 /usr/local/Cellar/avr-gcc/4.9.2/lib/gcc/avr/4.9.2/avr4/libgcc.a(_umulhisi3.o)
 .text.libgcc.mul
                0x0000000000000000       0x18 /usr/local/Cellar/avr-gcc/4.9.2/lib/gcc/avr/4.9.2/avr4/libgcc.a(_umulhisi3.o)
 .text.libgcc.div
                0x0000000000000000        0x0 /usr/local/Cellar/avr-gcc/4.9.2/lib/gcc/avr/4.9.2/avr4/libgcc.a(_umulhisi3.o)
 .text.libgcc   0x0000000000000000        0x0 /usr/local/Cellar/avr-gcc/4.9.2/lib/gcc/avr/4.9.2/avr4/libgcc.a(_umulhisi3.o)
 .text.libgcc.prologue
                0x0000000000000000        0x0 /usr/local/Cellar/avr-gcc/4.9.2/lib/gcc/avr/4.9.2/avr4/libgcc.a(_umulhisi3.o)
 .text.libgcc.builtins
                0x0000000000000000        0x0 /usr/local/Cellar/avr-gcc/4.9.2/lib/gcc/avr/4.9.2/avr4/libgcc.a(_umulhisi3.o)
 .text.libgcc.fmul
                0x0000000000000000        0x0 /usr/local/Cellar/avr-gcc/4.9.2/lib/gcc/avr/4.9.2/avr4/libgcc.a(_umulhisi3.o)
 .text.libgcc.fixed
                0x0000000000000000        0x0 /usr/local/Cellar/avr-gcc/4.9.2/lib/gcc/avr/4.9.2/avr4/libgcc.a(_umulhisi3.o)
 .text          0x0000000000000000        0x0 /usr/local/Cellar/avr-gcc/4.9.2/lib/gcc/avr/4.9.2/../../../../avr/lib/avr4/libc.a(iob.o)
 .bss           0x0000000000000000        0x0 /usr/local/Cellar/avr-gcc/4.9.2/lib/gcc/avr/4.9.2/../../../../avr/lib/avr4/libc.a(iob.o)
 .text          0x0000000000000000        0x0 /usr/local/Cellar/avr-gcc/4.9.2/lib/gcc/avr/4.9.2/../../../../avr/lib/avr4/libc.a(printf.o)
 .bss           0x0000000000000000        0x0 /usr/local/Cellar/avr-gcc/4.9.2/lib/gcc/avr/4.9.2/../../../../avr/lib/avr4/libc.a(printf.o)
 .text.avr-libc
                0x0000000000000000       0x26 /usr/local/Cellar/avr-gcc/4.9.2/lib/gcc/avr/4.9.2/../../../../avr/lib/avr4/libc.a(printf.o)
 .text          0x0000000000000000        0x0 /usr/local/Cellar/avr-gcc/4.9.2/lib/gcc/avr/4.9.2/../../../../avr/lib/avr4/libc.a(puts.o)
 .bss           0x0000000000000000        0x0 /usr/local/Cellar/avr-gcc/4.9.2/lib/gcc/avr/4.9.2/../../../../avr/lib/avr4/libc.a(puts.o)
 .text          0x0000000000000000        0x0 /usr/local/Cellar/avr-gcc/4.9.2/lib/gcc/avr/4.9.2/../../../../avr/lib/avr4/libc.a(vfprintf_std.o)
 .bss           0x0000000000000000        0x0 /usr/local/Cellar/avr-gcc/4.9.2/lib/gcc/avr/4.9.2/../../../../avr/lib/avr4/libc.a(vfprintf_std.o)
 .text.avr-libc
                0x0000000000000000      0x386 /usr/local/Cellar/avr-gcc/4.9.2/lib/gcc/avr/4.9.2/../../../../avr/lib/avr4/libc.a(vfprintf_std.o)
 .text          0x0000000000000000        0x0 /usr/local/Cellar/avr-gcc/4.9.2/lib/gcc/avr/4.9.2/../../../../avr/lib/avr4/libc.a(strnlen_P.o)
 .bss           0x0000000000000000        0x0 /usr/local/Cellar/avr-gcc/4.9.2/lib/gcc/avr/4.9.2/../../../../avr/lib/avr4/libc.a(strnlen_P.o)
 .text.avr-libc
                0x0000000000000000       0x16 /usr/local/Cellar/avr-gcc/4.9.2/lib/gcc/avr/4.9.2/../../../../avr/lib/avr4/libc.a(strnlen_P.o)
 .text          0x0000000000000000        0x0 /usr/local/Cellar/avr-gcc/4.9.2/lib/gcc/avr/4.9.2/../../../../avr/lib/avr4/libc.a(strnlen.o)
 .bss           0x0000000000000000        0x0 /usr/local/Cellar/avr-gcc/4.9.2/lib/gcc/avr/4.9.2/../../../../avr/lib/avr4/libc.a(strnlen.o)
 .text.avr-libc
                0x0000000000000000       0x16 /usr/local/Cellar/avr-gcc/4.9.2/lib/gcc/avr/4.9.2/../../../../avr/lib/avr4/libc.a(strnlen.o)
 .text          0x0000000000000000        0x0 /usr/local/Cellar/avr-gcc/4.9.2/lib/gcc/avr/4.9.2/../../../../avr/lib/avr4/libc.a(fputc.o)
 .bss           0x0000000000000000        0x0 /usr/local/Cellar/avr-gcc/4.9.2/lib/gcc/avr/4.9.2/../../../../avr/lib/avr4/libc.a(fputc.o)
 .text.avr-libc
                0x0000000000000000       0x70 /usr/local/Cellar/avr-gcc/4.9.2/lib/gcc/avr/4.9.2/../../../../avr/lib/avr4/libc.a(fputc.o)
 .text          0x0000000000000000        0x0 /usr/local/Cellar/avr-gcc/4.9.2/lib/gcc/avr/4.9.2/../../../../avr/lib/avr4/libc.a(ultoa_invert.o)
 .bss           0x0000000000000000        0x0 /usr/local/Cellar/avr-gcc/4.9.2/lib/gcc/avr/4.9.2/../../../../avr/lib/avr4/libc.a(ultoa_invert.o)
 .text.avr-libc
                0x0000000000000000       0xbc /usr/local/Cellar/avr-gcc/4.9.2/lib/gcc/avr/4.9.2/../../../../avr/lib/avr4/libc.a(ultoa_invert.o)
 .text          0x0000000000000000        0x0 /usr/local/Cellar/avr-gcc/4.9.2/lib/gcc/avr/4.9.2/avr4/libgcc.a(_prologue.o)
 .bss           0x0000000000000000        0x0 /usr/local/Cellar/avr-gcc/4.9.2/lib/gcc/avr/4.9.2/avr4/libgcc.a(_prologue.o)
 .text.libgcc.mul
                0x0000000000000000        0x0 /usr/local/Cellar/avr-gcc/4.9.2/lib/gcc/avr/4.9.2/avr4/libgcc.a(_prologue.o)
 .text.libgcc.div
                0x0000000000000000        0x0 /usr/local/Cellar/avr-gcc/4.9.2/lib/gcc/avr/4.9.2/avr4/libgcc.a(_prologue.o)
 .text.libgcc   0x0000000000000000        0x0 /usr/local/Cellar/avr-gcc/4.9.2/lib/gcc/avr/4.9.2/avr4/libgcc.a(_prologue.o)
 .text.libgcc.prologue
                0x0000000000000000       0x38 /usr/local/Cellar/avr-gcc/4.9.2/lib/gcc/avr/4.9.2/avr4/libgcc.a(_prologue.o)
 .text.libgcc.builtins
                0x0000000000000000        0x0 /usr/local/Cellar/avr-gcc/4.9.2/lib/gcc/avr/4.9.2/avr4/libgcc.a(_prologue.o)
 .text.libgcc.fmul
                0x0000000000000000        0x0 /usr/local/Cellar/avr-gcc/4.9.2/lib/gcc/avr/4.9.2/avr4/libgcc.a(_prologue.o)
 .text.libgcc.fixed
                0x0000000000000000        0x0 /usr/local/Cellar/avr-gcc/4.9.2/lib/gcc/avr/4.9.2/avr4/libgcc.a(_prologue.o)
 .text          0x0000000000000000        0x0 /usr/local/Cellar/avr-gcc/4.9.2/lib/gcc/avr/4.9.2/avr4/libgcc.a(_epilogue.o)
 .bss           0x0000000000000000        0x0 /usr/local/Cellar/avr-gcc/4.9.2/lib/gcc/avr/4.9.2/avr4/libgcc.a(_epilogue.o)
 .text.libgcc.mul
                0x0000000000000000        0x0 /usr/local/Cellar/avr-gcc/4.9.2/lib/gcc/avr/4.9.2/avr4/libgcc.a(_epilogue.o)
 .text.libgcc.div
                0x0000000000000000        0x0 /usr/local/Cellar/avr-gcc/4.9.2/lib/gcc/avr/4.9.2/avr4/libgcc.a(_epilogue.o)
 .text.libgcc   0x0000000000000000        0x0 /usr/local/Cellar/avr-gcc/4.9.2/lib/gcc/avr/4.9.2/avr4/libgcc.a(_epilogue.o)
 .text.libgcc.prologue
                0x0000000000000000       0x36 /usr/local/Cellar/avr-gcc/4.9.2/lib/gcc/avr/4.9.2/avr4/libgcc.a(_epilogue.o)
 .text.libgcc.builtins
                0x0000000000000000        0x0 /usr/local/Cellar/avr-gcc/4.9.2/lib/gcc/avr/4.9.2/avr4/libgcc.a(_epilogue.o)
 .text.libgcc.fmul
                0x0000000000000000        0x0 /usr/local/Cellar/avr-gcc/4.9.2/lib/gcc/avr/4.9.2/avr4/libgcc.a(_epilogue.o)
 .text.libgcc.fixed
                0x0000000000000000        0x0 /usr/local/Cellar/avr-gcc/4.9.2/lib/gcc/avr/4.9.2/avr4/libgcc.a(_epilogue.o)

Memory Configuration

Name             Origin             Length             Attributes
text             0x0000000000000000 0x0000000000002000 xr
data             0x0000000000800060 0x000000000000ffa0 rw !x
eeprom           0x0000000000810000 0x0000000000010000 rw !x
fuse             0x0000000000820000 0x0000000000000400 rw !x
lock             0x0000000000830000 0x0000000000000400 rw !x
signature        0x0000000000840000 0x0000000000000400 rw !x
*default*        0x0000000000000000 0xffffffffffffffff

Linker script and memory map

LOAD /usr/local/Cellar/avr-gcc/4.9.2/lib/gcc/avr/4.9.2/../../../../avr/lib/avr4/crtm8.o
LOAD src/main.o
LOAD src/mylib.o
LOAD src/spi.o
LOAD src/uart.o
LOAD src/pfatfs/mmc.o
LOAD src/pfatfs/pff.o
START GROUP
LOAD /usr/local/Cellar/avr-gcc/4.9.2/lib/gcc/avr/4.9.2/avr4/libgcc.a
LOAD /usr/local/Cellar/avr-gcc/4.9.2/lib/gcc/avr/4.9.2/../../../../avr/lib/avr4/libm.a
LOAD /usr/local/Cellar/avr-gcc/4.9.2/lib/gcc/avr/4.9.2/../../../../avr/lib/avr4/libc.a
END GROUP

.hash
 *(.hash)

.dynsym
 *(.dynsym)

.dynstr
 *(.dynstr)

.gnu.version
 *(.gnu.version)

.gnu.version_d
 *(.gnu.version_d)

.gnu.version_r
 *(.gnu.version_r)

.rel.init
 *(.rel.init)

.rela.init
 *(.rela.init)

.rel.text
 *(.rel.text)
 *(.rel.text.*)
 *(.rel.gnu.linkonce.t*)

.rela.text
 *(.rela.text)
 *(.rela.text.*)
 *(.rela.gnu.linkonce.t*)

.rel.fini
 *(.rel.fini)

.rela.fini
 *(.rela.fini)

.rel.rodata
 *(.rel.rodata)
 *(.rel.rodata.*)
 *(.rel.gnu.linkonce.r*)

.rela.rodata
 *(.rela.rodata)
 *(.rela.rodata.*)
 *(.rela.gnu.linkonce.r*)

.rel.data
 *(.rel.data)
 *(.rel.data.*)
 *(.rel.gnu.linkonce.d*)

.rela.data
 *(.rela.data)
 *(.rela.data.*)
 *(.rela.gnu.linkonce.d*)

.rel.ctors
 *(.rel.ctors)

.rela.ctors
 *(.rela.ctors)

.rel.dtors
 *(.rel.dtors)

.rela.dtors
 *(.rela.dtors)

.rel.got
 *(.rel.got)

.rela.got
 *(.rela.got)

.rel.bss
 *(.rel.bss)

.rela.bss
 *(.rela.bss)

.rel.plt
 *(.rel.plt)

.rela.plt
 *(.rela.plt)

.text           0x0000000000000000      0x40e
 *(.vectors)
 .vectors       0x0000000000000000       0x26 /usr/local/Cellar/avr-gcc/4.9.2/lib/gcc/avr/4.9.2/../../../../avr/lib/avr4/crtm8.o
                0x0000000000000000                __vectors
                0x0000000000000000                __vector_default
 *(.vectors)
 *(.progmem.gcc*)
                0x0000000000000026                . = ALIGN (0x2)
                0x0000000000000026                __trampolines_start = .
 *(.trampolines)
 .trampolines   0x0000000000000026        0x0 linker stubs
 *(.trampolines*)
                0x0000000000000026                __trampolines_end = .
 *(.progmem*)
                0x0000000000000026                . = ALIGN (0x2)
 *(.jumptables)
 *(.jumptables*)
 *(.lowtext)
 *(.lowtext*)
                0x0000000000000026                __ctors_start = .
 *(.ctors)
                0x0000000000000026                __ctors_end = .
                0x0000000000000026                __dtors_start = .
 *(.dtors)
                0x0000000000000026                __dtors_end = .
 SORT(*)(.ctors)
 SORT(*)(.dtors)
 *(.init0)
 .init0         0x0000000000000026        0x0 /usr/local/Cellar/avr-gcc/4.9.2/lib/gcc/avr/4.9.2/../../../../avr/lib/avr4/crtm8.o
                0x0000000000000026                __init
 *(.init0)
 *(.init1)
 *(.init1)
 *(.init2)
 .init2         0x0000000000000026        0xc /usr/local/Cellar/avr-gcc/4.9.2/lib/gcc/avr/4.9.2/../../../../avr/lib/avr4/crtm8.o
 *(.init2)
 *(.init3)
 *(.init3)
 *(.init4)
 .init4         0x0000000000000032       0x16 /usr/local/Cellar/avr-gcc/4.9.2/lib/gcc/avr/4.9.2/avr4/libgcc.a(_copy_data.o)
                0x0000000000000032                __do_copy_data
 .init4         0x0000000000000048       0x10 /usr/local/Cellar/avr-gcc/4.9.2/lib/gcc/avr/4.9.2/avr4/libgcc.a(_clear_bss.o)
                0x0000000000000048                __do_clear_bss
 *(.init4)
 *(.init5)
 *(.init5)
 *(.init6)
 *(.init6)
 *(.init7)
 *(.init7)
 *(.init8)
 *(.init8)
 *(.init9)
 .init9         0x0000000000000058        0x4 /usr/local/Cellar/avr-gcc/4.9.2/lib/gcc/avr/4.9.2/../../../../avr/lib/avr4/crtm8.o
 *(.init9)
 *(.text)
 .text          0x000000000000005c        0x2 /usr/local/Cellar/avr-gcc/4.9.2/lib/gcc/avr/4.9.2/../../../../avr/lib/avr4/crtm8.o
                0x000000000000005c                __vector_18
                0x000000000000005c                __vector_12
                0x000000000000005c                __bad_interrupt
                0x000000000000005c                __vector_6
                0x000000000000005c                __vector_3
                0x000000000000005c                __vector_11
                0x000000000000005c                __vector_13
                0x000000000000005c                __vector_17
                0x000000000000005c                __vector_7
                0x000000000000005c                __vector_5
                0x000000000000005c                __vector_4
                0x000000000000005c                __vector_9
                0x000000000000005c                __vector_2
                0x000000000000005c                __vector_15
                0x000000000000005c                __vector_8
                0x000000000000005c                __vector_14
                0x000000000000005c                __vector_10
                0x000000000000005c                __vector_16
                0x000000000000005c                __vector_1
                0x000000000000005e                . = ALIGN (0x2)
 *(.text.*)
 .text.startup.main
                0x000000000000005e       0x9c src/main.o
                0x000000000000005e                main
 .text.spi_init
                0x00000000000000fa       0x4c src/spi.o
                0x00000000000000fa                spi_init
 .text.spi_send
                0x0000000000000146        0xa src/spi.o
                0x0000000000000146                spi_send
 .text.uart_putchar
                0x0000000000000150       0x16 src/uart.o
                0x0000000000000150                uart_putchar
 .text.uart_getchar
                0x0000000000000166        0x8 src/uart.o
                0x0000000000000166                uart_getchar
 .text.send_cmd
                0x000000000000016e       0x76 src/pfatfs/mmc.o
 .text.disk_writep.part.0
                0x00000000000001e4       0x64 src/pfatfs/mmc.o
 .text.disk_initialize
                0x0000000000000248      0x162 src/pfatfs/mmc.o
                0x0000000000000248                disk_initialize
 .text.avr-libc
                0x00000000000003aa       0x60 /usr/local/Cellar/avr-gcc/4.9.2/lib/gcc/avr/4.9.2/../../../../avr/lib/avr4/libc.a(puts.o)
                0x00000000000003aa                puts
                0x000000000000040a                . = ALIGN (0x2)
 *(.fini9)
 .fini9         0x000000000000040a        0x0 /usr/local/Cellar/avr-gcc/4.9.2/lib/gcc/avr/4.9.2/avr4/libgcc.a(_exit.o)
                0x000000000000040a                exit
                0x000000000000040a                _exit
 *(.fini9)
 *(.fini8)
 *(.fini8)
 *(.fini7)
 *(.fini7)
 *(.fini6)
 *(.fini6)
 *(.fini5)
 *(.fini5)
 *(.fini4)
 *(.fini4)
 *(.fini3)
 *(.fini3)
 *(.fini2)
 *(.fini2)
 *(.fini1)
 *(.fini1)
 *(.fini0)
 .fini0         0x000000000000040a        0x4 /usr/local/Cellar/avr-gcc/4.9.2/lib/gcc/avr/4.9.2/avr4/libgcc.a(_exit.o)
 *(.fini0)
                0x000000000000040e                _etext = .

.data           0x0000000000800060        0x6 load address 0x000000000000040e
                0x0000000000800060                PROVIDE (__data_start, .)
 *(.data)
 .data          0x0000000000800060        0x0 /usr/local/Cellar/avr-gcc/4.9.2/lib/gcc/avr/4.9.2/../../../../avr/lib/avr4/crtm8.o
 .data          0x0000000000800060        0x0 src/main.o
 .data          0x0000000000800060        0x0 src/mylib.o
 .data          0x0000000000800060        0x0 src/spi.o
 .data          0x0000000000800060        0x0 src/uart.o
 .data          0x0000000000800060        0x0 src/pfatfs/mmc.o
 .data          0x0000000000800060        0x0 src/pfatfs/pff.o
 .data          0x0000000000800060        0x0 /usr/local/Cellar/avr-gcc/4.9.2/lib/gcc/avr/4.9.2/avr4/libgcc.a(_muluhisi3.o)
 .data          0x0000000000800060        0x0 /usr/local/Cellar/avr-gcc/4.9.2/lib/gcc/avr/4.9.2/avr4/libgcc.a(_udivmodsi4.o)
 .data          0x0000000000800060        0x0 /usr/local/Cellar/avr-gcc/4.9.2/lib/gcc/avr/4.9.2/avr4/libgcc.a(_exit.o)
 .data          0x0000000000800060        0x0 /usr/local/Cellar/avr-gcc/4.9.2/lib/gcc/avr/4.9.2/avr4/libgcc.a(_copy_data.o)
 .data          0x0000000000800060        0x0 /usr/local/Cellar/avr-gcc/4.9.2/lib/gcc/avr/4.9.2/avr4/libgcc.a(_clear_bss.o)
 .data          0x0000000000800060        0x0 /usr/local/Cellar/avr-gcc/4.9.2/lib/gcc/avr/4.9.2/avr4/libgcc.a(_umulhisi3.o)
 .data          0x0000000000800060        0x0 /usr/local/Cellar/avr-gcc/4.9.2/lib/gcc/avr/4.9.2/../../../../avr/lib/avr4/libc.a(iob.o)
 .data          0x0000000000800060        0x0 /usr/local/Cellar/avr-gcc/4.9.2/lib/gcc/avr/4.9.2/../../../../avr/lib/avr4/libc.a(printf.o)
 .data          0x0000000000800060        0x0 /usr/local/Cellar/avr-gcc/4.9.2/lib/gcc/avr/4.9.2/../../../../avr/lib/avr4/libc.a(puts.o)
 .data          0x0000000000800060        0x0 /usr/local/Cellar/avr-gcc/4.9.2/lib/gcc/avr/4.9.2/../../../../avr/lib/avr4/libc.a(vfprintf_std.o)
 .data          0x0000000000800060        0x0 /usr/local/Cellar/avr-gcc/4.9.2/lib/gcc/avr/4.9.2/../../../../avr/lib/avr4/libc.a(strnlen_P.o)
 .data          0x0000000000800060        0x0 /usr/local/Cellar/avr-gcc/4.9.2/lib/gcc/avr/4.9.2/../../../../avr/lib/avr4/libc.a(strnlen.o)
 .data          0x0000000000800060        0x0 /usr/local/Cellar/avr-gcc/4.9.2/lib/gcc/avr/4.9.2/../../../../avr/lib/avr4/libc.a(fputc.o)
 .data          0x0000000000800060        0x0 /usr/local/Cellar/avr-gcc/4.9.2/lib/gcc/avr/4.9.2/../../../../avr/lib/avr4/libc.a(ultoa_invert.o)
 .data          0x0000000000800060        0x0 /usr/local/Cellar/avr-gcc/4.9.2/lib/gcc/avr/4.9.2/avr4/libgcc.a(_prologue.o)
 .data          0x0000000000800060        0x0 /usr/local/Cellar/avr-gcc/4.9.2/lib/gcc/avr/4.9.2/avr4/libgcc.a(_epilogue.o)
 *(.data*)
 *(.rodata)
 *(.rodata*)
 .rodata.str1.1
                0x0000000000800060        0x5 src/main.o
 *(.gnu.linkonce.d*)
                0x0000000000800066                . = ALIGN (0x2)
 *fill*         0x0000000000800065        0x1 
                0x0000000000800066                _edata = .
                0x0000000000800066                PROVIDE (__data_end, .)

.bss            0x0000000000800066        0x9
                0x0000000000800066                PROVIDE (__bss_start, .)
 *(.bss)
 *(.bss*)
 .bss.wc.1793   0x0000000000800066        0x2 src/pfatfs/mmc.o
 .bss.CardType  0x0000000000800068        0x1 src/pfatfs/mmc.o
 *(COMMON)
 COMMON         0x0000000000800069        0x6 /usr/local/Cellar/avr-gcc/4.9.2/lib/gcc/avr/4.9.2/../../../../avr/lib/avr4/libc.a(iob.o)
                0x0000000000800069                __iob
                0x000000000080006f                PROVIDE (__bss_end, .)
                0x000000000000040e                __data_load_start = LOADADDR (.data)
                0x0000000000000414                __data_load_end = (__data_load_start + SIZEOF (.data))

.noinit         0x000000000080006f        0x0
                0x000000000080006f                PROVIDE (__noinit_start, .)
 *(.noinit*)
                0x000000000080006f                PROVIDE (__noinit_end, .)
                0x000000000080006f                _end = .
                0x000000000080006f                PROVIDE (__heap_start, .)

.eeprom         0x0000000000810000        0x0
 *(.eeprom*)
                0x0000000000810000                __eeprom_end = .

.fuse
 *(.fuse)
 *(.lfuse)
 *(.hfuse)
 *(.efuse)

.lock
 *(.lock*)

.signature      0x0000000000840000        0x3
 *(.signature*)
 .signature     0x0000000000840000        0x3 src/main.o
                0x0000000000840000                __signature

.stab
 *(.stab)

.stabstr
 *(.stabstr)

.stab.excl
 *(.stab.excl)

.stab.exclstr
 *(.stab.exclstr)

.stab.index
 *(.stab.index)

.stab.indexstr
 *(.stab.indexstr)

.comment        0x0000000000000000       0x11
 *(.comment)
 .comment       0x0000000000000000       0x11 src/main.o
                                         0x12 (size before relaxing)
 .comment       0x0000000000000000       0x12 src/mylib.o
 .comment       0x0000000000000000       0x12 src/spi.o
 .comment       0x0000000000000000       0x12 src/uart.o
 .comment       0x0000000000000000       0x12 src/pfatfs/mmc.o
 .comment       0x0000000000000000       0x12 src/pfatfs/pff.o
 .comment       0x0000000000000000       0x12 /usr/local/Cellar/avr-gcc/4.9.2/lib/gcc/avr/4.9.2/../../../../avr/lib/avr4/libc.a(iob.o)
 .comment       0x0000000000000000       0x12 /usr/local/Cellar/avr-gcc/4.9.2/lib/gcc/avr/4.9.2/../../../../avr/lib/avr4/libc.a(printf.o)
 .comment       0x0000000000000000       0x12 /usr/local/Cellar/avr-gcc/4.9.2/lib/gcc/avr/4.9.2/../../../../avr/lib/avr4/libc.a(puts.o)
 .comment       0x0000000000000000       0x12 /usr/local/Cellar/avr-gcc/4.9.2/lib/gcc/avr/4.9.2/../../../../avr/lib/avr4/libc.a(vfprintf_std.o)
 .comment       0x0000000000000000       0x12 /usr/local/Cellar/avr-gcc/4.9.2/lib/gcc/avr/4.9.2/../../../../avr/lib/avr4/libc.a(fputc.o)

.note.gnu.build-id
 *(.note.gnu.build-id)

.debug
 *(.debug)

.line
 *(.line)

.debug_srcinfo
 *(.debug_srcinfo)

.debug_sfnames
 *(.debug_sfnames)

.debug_aranges  0x0000000000000000      0x258
 *(.debug_aranges)
 .debug_aranges
                0x0000000000000000       0x20 src/main.o
 .debug_aranges
                0x0000000000000020       0x20 src/mylib.o
 .debug_aranges
                0x0000000000000040       0x28 src/spi.o
 .debug_aranges
                0x0000000000000068       0x38 src/uart.o
 .debug_aranges
                0x00000000000000a0       0x40 src/pfatfs/mmc.o
 .debug_aranges
                0x00000000000000e0       0x78 src/pfatfs/pff.o
 .debug_aranges
                0x0000000000000158       0x20 /usr/local/Cellar/avr-gcc/4.9.2/lib/gcc/avr/4.9.2/avr4/libgcc.a(_muluhisi3.o)
 .debug_aranges
                0x0000000000000178       0x20 /usr/local/Cellar/avr-gcc/4.9.2/lib/gcc/avr/4.9.2/avr4/libgcc.a(_udivmodsi4.o)
 .debug_aranges
                0x0000000000000198       0x20 /usr/local/Cellar/avr-gcc/4.9.2/lib/gcc/avr/4.9.2/avr4/libgcc.a(_exit.o)
 .debug_aranges
                0x00000000000001b8       0x20 /usr/local/Cellar/avr-gcc/4.9.2/lib/gcc/avr/4.9.2/avr4/libgcc.a(_copy_data.o)
 .debug_aranges
                0x00000000000001d8       0x20 /usr/local/Cellar/avr-gcc/4.9.2/lib/gcc/avr/4.9.2/avr4/libgcc.a(_clear_bss.o)
 .debug_aranges
                0x00000000000001f8       0x20 /usr/local/Cellar/avr-gcc/4.9.2/lib/gcc/avr/4.9.2/avr4/libgcc.a(_umulhisi3.o)
 .debug_aranges
                0x0000000000000218       0x20 /usr/local/Cellar/avr-gcc/4.9.2/lib/gcc/avr/4.9.2/avr4/libgcc.a(_prologue.o)
 .debug_aranges
                0x0000000000000238       0x20 /usr/local/Cellar/avr-gcc/4.9.2/lib/gcc/avr/4.9.2/avr4/libgcc.a(_epilogue.o)

.debug_pubnames
 *(.debug_pubnames)

.debug_info     0x0000000000000000     0x293b
 *(.debug_info .gnu.linkonce.wi.*)
 .debug_info    0x0000000000000000      0x48c /usr/local/Cellar/avr-gcc/4.9.2/lib/gcc/avr/4.9.2/../../../../avr/lib/avr4/crtm8.o
 .debug_info    0x000000000000048c      0x314 src/main.o
 .debug_info    0x00000000000007a0       0xb3 src/mylib.o
 .debug_info    0x0000000000000853      0x189 src/spi.o
 .debug_info    0x00000000000009dc      0x20c src/uart.o
 .debug_info    0x0000000000000be8      0x809 src/pfatfs/mmc.o
 .debug_info    0x00000000000013f1     0x1072 src/pfatfs/pff.o
 .debug_info    0x0000000000002463       0x9b /usr/local/Cellar/avr-gcc/4.9.2/lib/gcc/avr/4.9.2/avr4/libgcc.a(_muluhisi3.o)
 .debug_info    0x00000000000024fe       0x9b /usr/local/Cellar/avr-gcc/4.9.2/lib/gcc/avr/4.9.2/avr4/libgcc.a(_udivmodsi4.o)
 .debug_info    0x0000000000002599       0x9b /usr/local/Cellar/avr-gcc/4.9.2/lib/gcc/avr/4.9.2/avr4/libgcc.a(_exit.o)
 .debug_info    0x0000000000002634       0x9b /usr/local/Cellar/avr-gcc/4.9.2/lib/gcc/avr/4.9.2/avr4/libgcc.a(_copy_data.o)
 .debug_info    0x00000000000026cf       0x9b /usr/local/Cellar/avr-gcc/4.9.2/lib/gcc/avr/4.9.2/avr4/libgcc.a(_clear_bss.o)
 .debug_info    0x000000000000276a       0x9b /usr/local/Cellar/avr-gcc/4.9.2/lib/gcc/avr/4.9.2/avr4/libgcc.a(_umulhisi3.o)
 .debug_info    0x0000000000002805       0x9b /usr/local/Cellar/avr-gcc/4.9.2/lib/gcc/avr/4.9.2/avr4/libgcc.a(_prologue.o)
 .debug_info    0x00000000000028a0       0x9b /usr/local/Cellar/avr-gcc/4.9.2/lib/gcc/avr/4.9.2/avr4/libgcc.a(_epilogue.o)

.debug_abbrev   0x0000000000000000      0xe5e
 *(.debug_abbrev)
 .debug_abbrev  0x0000000000000000      0x44e /usr/local/Cellar/avr-gcc/4.9.2/lib/gcc/avr/4.9.2/../../../../avr/lib/avr4/crtm8.o
 .debug_abbrev  0x000000000000044e      0x226 src/main.o
 .debug_abbrev  0x0000000000000674       0x8f src/mylib.o
 .debug_abbrev  0x0000000000000703       0xb2 src/spi.o
 .debug_abbrev  0x00000000000007b5      0x162 src/uart.o
 .debug_abbrev  0x0000000000000917      0x239 src/pfatfs/mmc.o
 .debug_abbrev  0x0000000000000b50      0x26e src/pfatfs/pff.o
 .debug_abbrev  0x0000000000000dbe       0x14 /usr/local/Cellar/avr-gcc/4.9.2/lib/gcc/avr/4.9.2/avr4/libgcc.a(_muluhisi3.o)
 .debug_abbrev  0x0000000000000dd2       0x14 /usr/local/Cellar/avr-gcc/4.9.2/lib/gcc/avr/4.9.2/avr4/libgcc.a(_udivmodsi4.o)
 .debug_abbrev  0x0000000000000de6       0x14 /usr/local/Cellar/avr-gcc/4.9.2/lib/gcc/avr/4.9.2/avr4/libgcc.a(_exit.o)
 .debug_abbrev  0x0000000000000dfa       0x14 /usr/local/Cellar/avr-gcc/4.9.2/lib/gcc/avr/4.9.2/avr4/libgcc.a(_copy_data.o)
 .debug_abbrev  0x0000000000000e0e       0x14 /usr/local/Cellar/avr-gcc/4.9.2/lib/gcc/avr/4.9.2/avr4/libgcc.a(_clear_bss.o)
 .debug_abbrev  0x0000000000000e22       0x14 /usr/local/Cellar/avr-gcc/4.9.2/lib/gcc/avr/4.9.2/avr4/libgcc.a(_umulhisi3.o)
 .debug_abbrev  0x0000000000000e36       0x14 /usr/local/Cellar/avr-gcc/4.9.2/lib/gcc/avr/4.9.2/avr4/libgcc.a(_prologue.o)
 .debug_abbrev  0x0000000000000e4a       0x14 /usr/local/Cellar/avr-gcc/4.9.2/lib/gcc/avr/4.9.2/avr4/libgcc.a(_epilogue.o)

.debug_line     0x0000000000000000      0xbee
 *(.debug_line .debug_line.* .debug_line_end)
 .debug_line    0x0000000000000000       0x1d /usr/local/Cellar/avr-gcc/4.9.2/lib/gcc/avr/4.9.2/../../../../avr/lib/avr4/crtm8.o
 .debug_line    0x000000000000001d      0x15c src/main.o
 .debug_line    0x0000000000000179       0x71 src/mylib.o
 .debug_line    0x00000000000001ea       0x92 src/spi.o
 .debug_line    0x000000000000027c       0xbf src/uart.o
 .debug_line    0x000000000000033b      0x215 src/pfatfs/mmc.o
 .debug_line    0x0000000000000550      0x34c src/pfatfs/pff.o
 .debug_line    0x000000000000089c       0x63 /usr/local/Cellar/avr-gcc/4.9.2/lib/gcc/avr/4.9.2/avr4/libgcc.a(_muluhisi3.o)
 .debug_line    0x00000000000008ff       0x7b /usr/local/Cellar/avr-gcc/4.9.2/lib/gcc/avr/4.9.2/avr4/libgcc.a(_udivmodsi4.o)
 .debug_line    0x000000000000097a       0x5b /usr/local/Cellar/avr-gcc/4.9.2/lib/gcc/avr/4.9.2/avr4/libgcc.a(_exit.o)
 .debug_line    0x00000000000009d5       0x64 /usr/local/Cellar/avr-gcc/4.9.2/lib/gcc/avr/4.9.2/avr4/libgcc.a(_copy_data.o)
 .debug_line    0x0000000000000a39       0x61 /usr/local/Cellar/avr-gcc/4.9.2/lib/gcc/avr/4.9.2/avr4/libgcc.a(_clear_bss.o)
 .debug_line    0x0000000000000a9a       0x67 /usr/local/Cellar/avr-gcc/4.9.2/lib/gcc/avr/4.9.2/avr4/libgcc.a(_umulhisi3.o)
 .debug_line    0x0000000000000b01       0x77 /usr/local/Cellar/avr-gcc/4.9.2/lib/gcc/avr/4.9.2/avr4/libgcc.a(_prologue.o)
 .debug_line    0x0000000000000b78       0x76 /usr/local/Cellar/avr-gcc/4.9.2/lib/gcc/avr/4.9.2/avr4/libgcc.a(_epilogue.o)

.debug_frame    0x0000000000000000      0x51c
 *(.debug_frame)
 .debug_frame   0x0000000000000000       0x34 src/main.o
 .debug_frame   0x0000000000000034       0x34 src/mylib.o
 .debug_frame   0x0000000000000068       0x3c src/spi.o
 .debug_frame   0x00000000000000a4       0x6c src/uart.o
 .debug_frame   0x0000000000000110       0xf8 src/pfatfs/mmc.o
 .debug_frame   0x0000000000000208      0x314 src/pfatfs/pff.o

.debug_str      0x0000000000000000      0x70f
 *(.debug_str)
 .debug_str     0x0000000000000000      0x17a /usr/local/Cellar/avr-gcc/4.9.2/lib/gcc/avr/4.9.2/../../../../avr/lib/avr4/crtm8.o
 .debug_str     0x000000000000017a      0x1f2 src/main.o
                                        0x23a (size before relaxing)
 .debug_str     0x000000000000036c       0x1b src/mylib.o
                                        0x140 (size before relaxing)
 .debug_str     0x0000000000000387       0xc6 src/spi.o
                                        0x1ee (size before relaxing)
 .debug_str     0x000000000000044d       0x34 src/uart.o
                                        0x1b8 (size before relaxing)
 .debug_str     0x0000000000000481       0x83 src/pfatfs/mmc.o
                                        0x24b (size before relaxing)
 .debug_str     0x0000000000000504      0x20b src/pfatfs/pff.o
                                        0x3ad (size before relaxing)

.debug_loc      0x0000000000000000     0x18c8
 *(.debug_loc)
 .debug_loc     0x0000000000000000       0x3e src/main.o
 .debug_loc     0x000000000000003e       0x26 src/mylib.o
 .debug_loc     0x0000000000000064       0x82 src/spi.o
 .debug_loc     0x00000000000000e6       0x76 src/uart.o
 .debug_loc     0x000000000000015c      0x607 src/pfatfs/mmc.o
 .debug_loc     0x0000000000000763     0x1165 src/pfatfs/pff.o

.debug_macinfo
 *(.debug_macinfo)

.debug_weaknames
 *(.debug_weaknames)

.debug_funcnames
 *(.debug_funcnames)

.debug_typenames
 *(.debug_typenames)

.debug_varnames
 *(.debug_varnames)

.debug_pubtypes
 *(.debug_pubtypes)

.debug_ranges   0x0000000000000000      0x1c0
 *(.debug_ranges)
 .debug_ranges  0x0000000000000000       0x10 src/main.o
 .debug_ranges  0x0000000000000010       0x10 src/mylib.o
 .debug_ranges  0x0000000000000020       0x18 src/spi.o
 .debug_ranges  0x0000000000000038       0x28 src/uart.o
 .debug_ranges  0x0000000000000060       0x30 src/pfatfs/mmc.o
 .debug_ranges  0x0000000000000090      0x130 src/pfatfs/pff.o

.debug_macro
 *(.debug_macro)
OUTPUT(main.elf elf32-avr)
LOAD linker stubs
